Archive member included to satisfy reference by file (symbol)

c:/progra~1/raspbe~1/picosd~1.1/gcc-ar~1/bin/../lib/gcc/arm-none-eabi/10.3.1/thumb/v6-m/nofp\libgcc.a(_dvmd_tls.o)
                              DSPi/CMakeFiles/DSPi.dir/C_/Program_Files/Raspberry_Pi/Pico_SDK_v1.5.1/pico-sdk/src/rp2_common/pico_divider/divider.S.obj (__aeabi_idiv0)
c:/progra~1/raspbe~1/picosd~1.1/gcc-ar~1/bin/../lib/gcc/arm-none-eabi/10.3.1/../../../../arm-none-eabi/lib/thumb/v6-m/nofp\libc.a(lib_a-calloc.o)
                              DSPi/CMakeFiles/DSPi.dir/C_/Program_Files/Raspberry_Pi/Pico_SDK_v1.5.1/pico-sdk/src/rp2_common/pico_malloc/pico_malloc.c.obj (calloc)
c:/progra~1/raspbe~1/picosd~1.1/gcc-ar~1/bin/../lib/gcc/arm-none-eabi/10.3.1/../../../../arm-none-eabi/lib/thumb/v6-m/nofp\libc.a(lib_a-callocr.o)
                              c:/progra~1/raspbe~1/picosd~1.1/gcc-ar~1/bin/../lib/gcc/arm-none-eabi/10.3.1/../../../../arm-none-eabi/lib/thumb/v6-m/nofp\libc.a(lib_a-calloc.o) (_calloc_r)
c:/progra~1/raspbe~1/picosd~1.1/gcc-ar~1/bin/../lib/gcc/arm-none-eabi/10.3.1/../../../../arm-none-eabi/lib/thumb/v6-m/nofp\libc.a(lib_a-errno.o)
                              c:/progra~1/raspbe~1/picosd~1.1/gcc-ar~1/bin/../lib/gcc/arm-none-eabi/10.3.1/../../../../arm-none-eabi/lib/thumb/v6-m/nofp\libc.a(lib_a-callocr.o) (__errno)
c:/progra~1/raspbe~1/picosd~1.1/gcc-ar~1/bin/../lib/gcc/arm-none-eabi/10.3.1/../../../../arm-none-eabi/lib/thumb/v6-m/nofp\libc.a(lib_a-impure.o)
                              c:/progra~1/raspbe~1/picosd~1.1/gcc-ar~1/bin/../lib/gcc/arm-none-eabi/10.3.1/../../../../arm-none-eabi/lib/thumb/v6-m/nofp\libc.a(lib_a-calloc.o) (_impure_ptr)
c:/progra~1/raspbe~1/picosd~1.1/gcc-ar~1/bin/../lib/gcc/arm-none-eabi/10.3.1/../../../../arm-none-eabi/lib/thumb/v6-m/nofp\libc.a(lib_a-init.o)
                              c:/progra~1/raspbe~1/picosd~1.1/gcc-ar~1/bin/../lib/gcc/arm-none-eabi/10.3.1/../../../../arm-none-eabi/lib/thumb/v6-m/nofp/crt0.o (__libc_init_array)
c:/progra~1/raspbe~1/picosd~1.1/gcc-ar~1/bin/../lib/gcc/arm-none-eabi/10.3.1/../../../../arm-none-eabi/lib/thumb/v6-m/nofp\libc.a(lib_a-malloc.o)
                              DSPi/CMakeFiles/DSPi.dir/C_/Program_Files/Raspberry_Pi/Pico_SDK_v1.5.1/pico-sdk/src/rp2_common/pico_malloc/pico_malloc.c.obj (malloc)
c:/progra~1/raspbe~1/picosd~1.1/gcc-ar~1/bin/../lib/gcc/arm-none-eabi/10.3.1/../../../../arm-none-eabi/lib/thumb/v6-m/nofp\libc.a(lib_a-mallocr.o)
                              c:/progra~1/raspbe~1/picosd~1.1/gcc-ar~1/bin/../lib/gcc/arm-none-eabi/10.3.1/../../../../arm-none-eabi/lib/thumb/v6-m/nofp\libc.a(lib_a-callocr.o) (_malloc_r)
c:/progra~1/raspbe~1/picosd~1.1/gcc-ar~1/bin/../lib/gcc/arm-none-eabi/10.3.1/../../../../arm-none-eabi/lib/thumb/v6-m/nofp\libc.a(lib_a-memmove.o)
                              DSPi/CMakeFiles/DSPi.dir/__/pico-extras/src/rp2_common/pico_audio_i2s_multi/audio_i2s_multi.c.obj (memmove)
c:/progra~1/raspbe~1/picosd~1.1/gcc-ar~1/bin/../lib/gcc/arm-none-eabi/10.3.1/../../../../arm-none-eabi/lib/thumb/v6-m/nofp\libc.a(lib_a-mlock.o)
                              c:/progra~1/raspbe~1/picosd~1.1/gcc-ar~1/bin/../lib/gcc/arm-none-eabi/10.3.1/../../../../arm-none-eabi/lib/thumb/v6-m/nofp\libc.a(lib_a-mallocr.o) (__malloc_lock)
c:/progra~1/raspbe~1/picosd~1.1/gcc-ar~1/bin/../lib/gcc/arm-none-eabi/10.3.1/../../../../arm-none-eabi/lib/thumb/v6-m/nofp\libc.a(lib_a-realloc.o)
                              DSPi/CMakeFiles/DSPi.dir/C_/Program_Files/Raspberry_Pi/Pico_SDK_v1.5.1/pico-sdk/src/rp2_common/pico_malloc/pico_malloc.c.obj (realloc)
c:/progra~1/raspbe~1/picosd~1.1/gcc-ar~1/bin/../lib/gcc/arm-none-eabi/10.3.1/../../../../arm-none-eabi/lib/thumb/v6-m/nofp\libc.a(lib_a-reallocr.o)
                              c:/progra~1/raspbe~1/picosd~1.1/gcc-ar~1/bin/../lib/gcc/arm-none-eabi/10.3.1/../../../../arm-none-eabi/lib/thumb/v6-m/nofp\libc.a(lib_a-realloc.o) (_realloc_r)
c:/progra~1/raspbe~1/picosd~1.1/gcc-ar~1/bin/../lib/gcc/arm-none-eabi/10.3.1/../../../../arm-none-eabi/lib/thumb/v6-m/nofp\libc.a(lib_a-sbrkr.o)
                              c:/progra~1/raspbe~1/picosd~1.1/gcc-ar~1/bin/../lib/gcc/arm-none-eabi/10.3.1/../../../../arm-none-eabi/lib/thumb/v6-m/nofp\libc.a(lib_a-mallocr.o) (_sbrk_r)
c:/progra~1/raspbe~1/picosd~1.1/gcc-ar~1/bin/../lib/gcc/arm-none-eabi/10.3.1/../../../../arm-none-eabi/lib/thumb/v6-m/nofp\libc.a(lib_a-strlen-stub.o)
                              DSPi/CMakeFiles/DSPi.dir/C_/Program_Files/Raspberry_Pi/Pico_SDK_v1.5.1/pico-sdk/src/rp2_common/pico_stdio/stdio.c.obj (strlen)
c:/progra~1/raspbe~1/picosd~1.1/gcc-ar~1/bin/../lib/gcc/arm-none-eabi/10.3.1/../../../../arm-none-eabi/lib/thumb/v6-m/nofp\libc.a(lib_a-strncpy.o)
                              DSPi/CMakeFiles/DSPi.dir/flash_storage.c.obj (strncpy)
c:/progra~1/raspbe~1/picosd~1.1/gcc-ar~1/bin/../lib/gcc/arm-none-eabi/10.3.1/../../../../arm-none-eabi/lib/thumb/v6-m/nofp\libc.a(lib_a-freer.o)
[...]
Memory Configuration

Name             Origin             Length             Attributes
FLASH            0x10000000         0x00200000         xr
RAM              0x20000000         0x00040000         xrw
SCRATCH_X        0x20040000         0x00001000         xrw
SCRATCH_Y        0x20041000         0x00001000         xrw
*default*        0x00000000         0xffffffff

Linker script and memory map

LOAD c:/progra~1/raspbe~1/picosd~1.1/gcc-ar~1/bin/../lib/gcc/arm-none-eabi/10.3.1/thumb/v6-m/nofp/crti.o
LOAD c:/progra~1/raspbe~1/picosd~1.1/gcc-ar~1/bin/../lib/gcc/arm-none-eabi/10.3.1/thumb/v6-m/nofp/crtbegin.o
LOAD c:/progra~1/raspbe~1/picosd~1.1/gcc-ar~1/bin/../lib/gcc/arm-none-eabi/10.3.1/../../../../arm-none-eabi/lib/thumb/v6-m/nofp/crt0.o

.flash_begin    0x10000000        0x0
                0x10000000                __flash_binary_start = .

.boot2          0x10000000      0x100
                0x10000000                __boot2_start__ = .
 *(.boot2)
 .boot2         0x10000000      0x100 C:\Users\abhis\AppData\Local\Temp\cco5IW8n.o
                0x10000100                __boot2_end__ = .
                0x00000001                ASSERT (((__boot2_end__ - __boot2_start__) == 0x100), ERROR: Pico second stage bootloader must be 256 bytes in size)

.flashtext      0x10000100      0x1d8
                0x10000100                __logical_binary_start = .
 *(.vectors)
 .vectors       0x10000100       0xd4 DSPi/CMakeFiles/DSPi.dir/C_/Program_Files/Raspberry_Pi/Pico_SDK_v1.5.1/pico-sdk/src/rp2_common/pico_standard_link/crt0.S.obj
                0x10000100                __VECTOR_TABLE
                0x10000100                __vectors
                0x100001c0                isr_invalid
                0x100001c0                __default_isrs_start
                0x100001c2                isr_nmi
                0x100001c4                isr_hardfault
                0x100001c6                isr_svcall
                0x100001c8                isr_pendsv
                0x100001ca                isr_systick
                0x100001cc                isr_irq18
                0x100001cc                isr_irq23
                0x100001cc                isr_irq28
                0x100001cc                isr_irq19
                0x100001cc                isr_irq0
                0x100001cc                isr_irq6
                0x100001cc                isr_irq11
                0x100001cc                isr_irq12
                0x100001cc                isr_irq22
                0x100001cc                isr_irq31
                0x100001cc                isr_irq17
                0x100001cc                isr_irq27
                0x100001cc                isr_irq30
                0x100001cc                isr_irq2
                0x100001cc                isr_irq10
                0x100001cc                isr_irq8
                0x100001cc                isr_irq24
                0x100001cc                isr_irq1
                0x100001cc                isr_irq7
                0x100001cc                isr_irq21
                0x100001cc                isr_irq20
                0x100001cc                isr_irq15
                0x100001cc                isr_irq25
                0x100001cc                isr_irq13
                0x100001cc                __unhandled_user_irq
                0x100001cc                isr_irq4
                0x100001cc                isr_irq16
                0x100001cc                isr_irq29
                0x100001cc                isr_irq26
                0x100001cc                __default_isrs_end
                0x100001cc                isr_irq3
                0x100001cc                isr_irq14
                0x100001cc                isr_irq9
                0x100001d2                unhandled_user_irq_num_in_r0
 *(.binary_info_header)
 .binary_info_header
                0x100001d4       0x14 DSPi/CMakeFiles/DSPi.dir/C_/Program_Files/Raspberry_Pi/Pico_SDK_v1.5.1/pico-sdk/src/rp2_common/pico_standard_link/crt0.S.obj
                0x100001e8                __binary_info_header_end = .
 *(.reset)
 .reset         0x100001e8       0xac DSPi/CMakeFiles/DSPi.dir/C_/Program_Files/Raspberry_Pi/Pico_SDK_v1.5.1/pico-sdk/src/rp2_common/pico_standard_link/crt0.S.obj
                0x100001e8                _entry_point
 *fill*         0x10000294        0x4 
 .reset.__stub  0x10000298       0x10 linker stubs
 .reset         0x100002a8       0x30 DSPi/CMakeFiles/DSPi.dir/C_/Program_Files/Raspberry_Pi/Pico_SDK_v1.5.1/pico-sdk/src/rp2_common/pico_standard_link/binary_info.c.obj

.rodata         0x100002d8        0x0
 *(SORT_BY_ALIGNMENT(SORT_BY_NAME(.flashdata*)))
                0x100002d8                . = ALIGN (0x4)

.ARM.extab
 *(.ARM.extab* .gnu.linkonce.armextab.*)
                0x100002d8                __exidx_start = .

.ARM.exidx
 *(.ARM.exidx* .gnu.linkonce.armexidx.*)
                0x100002d8                __exidx_end = .
                0x100002d8                . = ALIGN (0x4)
                0x100002d8                __binary_info_start = .

.binary_info    0x100002d8       0x1c
 *(.binary_info.keep.*)
 .binary_info.keep.__bi_ptr22
                0x100002d8        0x4 DSPi/CMakeFiles/DSPi.dir/C_/Program_Files/Raspberry_Pi/Pico_SDK_v1.5.1/pico-sdk/src/rp2_common/pico_standard_link/binary_info.c.obj
 .binary_info.keep.__bi_ptr30
                0x100002dc        0x4 DSPi/CMakeFiles/DSPi.dir/C_/Program_Files/Raspberry_Pi/Pico_SDK_v1.5.1/pico-sdk/src/rp2_common/pico_standard_link/binary_info.c.obj
 .binary_info.keep.__bi_ptr38
                0x100002e0        0x4 DSPi/CMakeFiles/DSPi.dir/C_/Program_Files/Raspberry_Pi/Pico_SDK_v1.5.1/pico-sdk/src/rp2_common/pico_standard_link/binary_info.c.obj
 .binary_info.keep.__bi_ptr44
                0x100002e4        0x4 DSPi/CMakeFiles/DSPi.dir/C_/Program_Files/Raspberry_Pi/Pico_SDK_v1.5.1/pico-sdk/src/rp2_common/pico_standard_link/binary_info.c.obj
 .binary_info.keep.__bi_ptr50
                0x100002e8        0x4 DSPi/CMakeFiles/DSPi.dir/C_/Program_Files/Raspberry_Pi/Pico_SDK_v1.5.1/pico-sdk/src/rp2_common/pico_standard_link/binary_info.c.obj
 .binary_info.keep.__bi_ptr75
                0x100002ec        0x4 DSPi/CMakeFiles/DSPi.dir/C_/Program_Files/Raspberry_Pi/Pico_SDK_v1.5.1/pico-sdk/src/rp2_common/pico_standard_link/binary_info.c.obj
 .binary_info.keep.__bi_ptr81
                0x100002f0        0x4 DSPi/CMakeFiles/DSPi.dir/C_/Program_Files/Raspberry_Pi/Pico_SDK_v1.5.1/pico-sdk/src/rp2_common/pico_standard_link/binary_info.c.obj
 *(.binary_info.*)
                0x100002f4                __binary_info_end = .
                0x100002f4                . = ALIGN (0x4)

.ram_vector_table
                0x20000000       0xc0
 *(.ram_vector_table)
 .ram_vector_table
                0x20000000       0xc0 DSPi/CMakeFiles/DSPi.dir/C_/Program_Files/Raspberry_Pi/Pico_SDK_v1.5.1/pico-sdk/src/rp2_common/pico_runtime/runtime.c.obj
                0x20000000                ram_vector_table

.text           0x200000c0    0x12ab0 load address 0x100002f4
                0x200000c0                __ram_text_start__ = .
 *(.init)
 .init          0x200000c0        0x4 c:/progra~1/raspbe~1/picosd~1.1/gcc-ar~1/bin/../lib/gcc/arm-none-eabi/10.3.1/thumb/v6-m/nofp/crti.o
                0x200000c0                _init
 *(.text*)
 .text          0x200000c4       0x48 c:/progra~1/raspbe~1/picosd~1.1/gcc-ar~1/bin/../lib/gcc/arm-none-eabi/10.3.1/thumb/v6-m/nofp/crtbegin.o
 .text.bulk_params_collect
                0x2000010c      0x50c DSPi/CMakeFiles/DSPi.dir/bulk_params.c.obj
                0x2000010c                bulk_params_collect
 .text.bulk_params_apply
                0x20000618      0xc04 DSPi/CMakeFiles/DSPi.dir/bulk_params.c.obj
                0x20000618                bulk_params_apply
 .text.crossfeed_compute_coefficients
                0x2000121c      0x198 DSPi/CMakeFiles/DSPi.dir/crossfeed.c.obj
                0x2000121c                crossfeed_compute_coefficients
 .text.dsp_compute_coefficients.part.0
                0x200013b4      0x4e4 DSPi/CMakeFiles/DSPi.dir/dsp_pipeline.c.obj
 .text.dsp_compute_coefficients
                0x20001898      0x110 DSPi/CMakeFiles/DSPi.dir/dsp_pipeline.c.obj
                0x20001898                dsp_compute_coefficients
 .text.dsp_init_default_filters
                0x200019a8      0x458 DSPi/CMakeFiles/DSPi.dir/dsp_pipeline.c.obj
                0x200019a8                dsp_init_default_filters
 .text.dsp_update_delay_samples
                0x20001e00      0x130 DSPi/CMakeFiles/DSPi.dir/dsp_pipeline.c.obj
                0x20001e00                dsp_update_delay_samples
 .text.dsp_recalculate_all_filters
                0x20001f30      0x44c DSPi/CMakeFiles/DSPi.dir/dsp_pipeline.c.obj
                0x20001f30                dsp_recalculate_all_filters
 .text.dspi_flash_range_erase
                0x2000237c        0x8 DSPi/CMakeFiles/DSPi.dir/flash_clkdiv.c.obj
                0x2000237c                dspi_flash_range_erase
 .text.dspi_flash_range_program
                0x20002384        0x8 DSPi/CMakeFiles/DSPi.dir/flash_clkdiv.c.obj
                0x20002384                dspi_flash_range_program
 .text.flash_write_sector
                0x2000238c      0x100 DSPi/CMakeFiles/DSPi.dir/flash_storage.c.obj
 .text.apply_master_volume_from_mode
                0x2000248c       0xf8 DSPi/CMakeFiles/DSPi.dir/flash_storage.c.obj
 .text.apply_factory_defaults
                0x20002584      0x1cc DSPi/CMakeFiles/DSPi.dir/flash_storage.c.obj
 .text.apply_slot_to_live
                0x20002750      0x790 DSPi/CMakeFiles/DSPi.dir/flash_storage.c.obj
 .text.dir_flush
                0x20002ee0       0x5c DSPi/CMakeFiles/DSPi.dir/flash_storage.c.obj
 .text.validate_slot
                0x20002f3c       0x68 DSPi/CMakeFiles/DSPi.dir/flash_storage.c.obj
 .text.dir_load_cache.part.0
                0x20002fa4       0xf8 DSPi/CMakeFiles/DSPi.dir/flash_storage.c.obj
 .text.dir_ensure
                0x2000309c       0x5c DSPi/CMakeFiles/DSPi.dir/flash_storage.c.obj
 .text.preset_save.part.0
                0x200030f8      0x3c0 DSPi/CMakeFiles/DSPi.dir/flash_storage.c.obj
 .text.preset_load.part.0
                0x200034b8       0xfc DSPi/CMakeFiles/DSPi.dir/flash_storage.c.obj
 .text.preset_save
                0x200035b4       0x14 DSPi/CMakeFiles/DSPi.dir/flash_storage.c.obj
                0x200035b4                preset_save
 .text.preset_load
                0x200035c8       0x14 DSPi/CMakeFiles/DSPi.dir/flash_storage.c.obj
                0x200035c8                preset_load
 .text.preset_delete
                0x200035dc      0x14c DSPi/CMakeFiles/DSPi.dir/flash_storage.c.obj
                0x200035dc                preset_delete
 .text.preset_get_name
                0x20003728       0x2c DSPi/CMakeFiles/DSPi.dir/flash_storage.c.obj
                0x20003728                preset_get_name
 .text.preset_set_name
                0x20003754       0x3c DSPi/CMakeFiles/DSPi.dir/flash_storage.c.obj
                0x20003754                preset_set_name
 .text.preset_get_directory
                0x20003790       0x3c DSPi/CMakeFiles/DSPi.dir/flash_storage.c.obj
                0x20003790                preset_get_directory
 .text.preset_set_startup
                0x200037cc       0x2c DSPi/CMakeFiles/DSPi.dir/flash_storage.c.obj
                0x200037cc                preset_set_startup
 .text.preset_set_include_pins
                0x200037f8       0x1c DSPi/CMakeFiles/DSPi.dir/flash_storage.c.obj
                0x200037f8                preset_set_include_pins
 .text.preset_set_master_volume_mode
                0x20003814       0x24 DSPi/CMakeFiles/DSPi.dir/flash_storage.c.obj
                0x20003814                preset_set_master_volume_mode
 .text.preset_save_master_volume
                0x20003838       0x24 DSPi/CMakeFiles/DSPi.dir/flash_storage.c.obj
                0x20003838                preset_save_master_volume
 .text.preset_get_saved_master_volume
                0x2000385c       0x64 DSPi/CMakeFiles/DSPi.dir/flash_storage.c.obj
                0x2000385c                preset_get_saved_master_volume
 .text.preset_get_active
                0x200038c0       0x64 DSPi/CMakeFiles/DSPi.dir/flash_storage.c.obj
                0x200038c0                preset_get_active
 .text.preset_boot_load
                0x20003924      0x19c DSPi/CMakeFiles/DSPi.dir/flash_storage.c.obj
                0x20003924                preset_boot_load
 .text.flash_save_params
                0x20003ac0       0x24 DSPi/CMakeFiles/DSPi.dir/flash_storage.c.obj
                0x20003ac0                flash_save_params
 .text.flash_load_params
                0x20003ae4       0x38 DSPi/CMakeFiles/DSPi.dir/flash_storage.c.obj
                0x20003ae4                flash_load_params
 .text.flash_factory_reset
                0x20003b1c        0x8 DSPi/CMakeFiles/DSPi.dir/flash_storage.c.obj
                0x20003b1c                flash_factory_reset
 .text.leveller_compute_coefficients
                0x20003b24      0x1f4 DSPi/CMakeFiles/DSPi.dir/leveller.c.obj
                0x20003b24                leveller_compute_coefficients
 .text.leveller_reset_state
                0x20003d18       0x1c DSPi/CMakeFiles/DSPi.dir/leveller.c.obj
                0x20003d18                leveller_reset_state
 .text.loudness_recompute_table
                0x20003d34      0x5a8 DSPi/CMakeFiles/DSPi.dir/loudness.c.obj
                0x20003d34                loudness_recompute_table
 .text.spdif_reset_consumer_pipeline
                0x200042dc       0x30 DSPi/CMakeFiles/DSPi.dir/main.c.obj
 .text.complete_pipeline_reset
                0x2000430c      0x224 DSPi/CMakeFiles/DSPi.dir/main.c.obj
 .text.process_type_switches
                0x20004530      0x508 DSPi/CMakeFiles/DSPi.dir/main.c.obj
 .text.prepare_flash_write_operation
                0x20004a38       0xbc DSPi/CMakeFiles/DSPi.dir/main.c.obj
 .text.core0_init
                0x20004af4      0x1f0 DSPi/CMakeFiles/DSPi.dir/main.c.obj
                0x20004af4                core0_init
 .text.startup.main
                0x20004ce4      0xa3c DSPi/CMakeFiles/DSPi.dir/main.c.obj
                0x20004ce4                main
 .text.pdm_set_enabled
                0x20005720        0xc DSPi/CMakeFiles/DSPi.dir/pdm_generator.c.obj
                0x20005720                pdm_set_enabled
 .text.pdm_update_clock
                0x2000572c       0x5c DSPi/CMakeFiles/DSPi.dir/pdm_generator.c.obj
                0x2000572c                pdm_update_clock
 .text.pdm_setup_hw
                0x20005788      0x124 DSPi/CMakeFiles/DSPi.dir/pdm_generator.c.obj
                0x20005788                pdm_setup_hw
 .text.pdm_change_pin
                0x200058ac      0x11c DSPi/CMakeFiles/DSPi.dir/pdm_generator.c.obj
                0x200058ac                pdm_change_pin
 .text.pdm_push_sample
                0x200059c8       0x48 DSPi/CMakeFiles/DSPi.dir/pdm_generator.c.obj
                0x200059c8                pdm_push_sample
 .text.pdm_get_dma_fill_pct
                0x20005a10       0x44 DSPi/CMakeFiles/DSPi.dir/pdm_generator.c.obj
                0x20005a10                pdm_get_dma_fill_pct
 .text.pdm_get_ring_fill_pct
                0x20005a54       0x1c DSPi/CMakeFiles/DSPi.dir/pdm_generator.c.obj
                0x20005a54                pdm_get_ring_fill_pct
 .text.pdm_core1_entry
                0x20005a70      0x948 DSPi/CMakeFiles/DSPi.dir/pdm_generator.c.obj
                0x20005a70                pdm_core1_entry
 .text._vendor_set_ack_done
                0x200063b8        0xc DSPi/CMakeFiles/DSPi.dir/usb_audio.c.obj
 .text._get_descriptor_string
                0x200063c4       0x1c DSPi/CMakeFiles/DSPi.dir/usb_audio.c.obj
 .text._vendor_get_complete
                0x200063e0       0x18 DSPi/CMakeFiles/DSPi.dir/usb_audio.c.obj
 .text._vendor_set_complete
                0x200063f8       0x1c DSPi/CMakeFiles/DSPi.dir/usb_audio.c.obj
 .text.is_pin_in_use
                0x20006414       0x6c DSPi/CMakeFiles/DSPi.dir/usb_audio.c.obj
 .text.as_set_alternate
                0x20006480       0x78 DSPi/CMakeFiles/DSPi.dir/usb_audio.c.obj
 .text.audio_cmd_packet
                0x200064f8       0xdc DSPi/CMakeFiles/DSPi.dir/usb_audio.c.obj
 .text.vendor_cmd_packet
                0x200065d4      0x958 DSPi/CMakeFiles/DSPi.dir/usb_audio.c.obj
 .text.get_slot_consumer_fill.part.0
                0x20006f2c       0xac DSPi/CMakeFiles/DSPi.dir/usb_audio.c.obj
 .text._as_setup_request_handler
                0x20006fd8      0x108 DSPi/CMakeFiles/DSPi.dir/usb_audio.c.obj
 .text.device_setup_request_handler
                0x200070e0       0xb4 DSPi/CMakeFiles/DSPi.dir/usb_audio.c.obj
 .text.vendor_setup_request_handler
                0x20007194      0xfd4 DSPi/CMakeFiles/DSPi.dir/usb_audio.c.obj
 .text.ac_setup_request_handler
                0x20008168      0x114 DSPi/CMakeFiles/DSPi.dir/usb_audio.c.obj
 .text.get_default_channel_name
                0x2000827c       0x2c DSPi/CMakeFiles/DSPi.dir/usb_audio.c.obj
                0x2000827c                get_default_channel_name
 .text.audio_set_volume
                0x200082a8       0x68 DSPi/CMakeFiles/DSPi.dir/usb_audio.c.obj
                0x200082a8                audio_set_volume
 .text.usb_audio_drain_ring
                0x20008310     0x11c8 DSPi/CMakeFiles/DSPi.dir/usb_audio.c.obj
                0x20008310                usb_audio_drain_ring
 .text.usb_audio_flush_ring
                0x200094d8       0x28 DSPi/CMakeFiles/DSPi.dir/usb_audio.c.obj
                0x200094d8                usb_audio_flush_ring
 .text.derive_core1_mode
                0x20009500       0x24 DSPi/CMakeFiles/DSPi.dir/usb_audio.c.obj
                0x20009500                derive_core1_mode
 .text.usb_sound_card_init
                0x20009524      0x2b0 DSPi/CMakeFiles/DSPi.dir/usb_audio.c.obj
                0x20009524                usb_sound_card_init
 .text.fb_ctrl_init
                0x200097d4       0x14 DSPi/CMakeFiles/DSPi.dir/usb_feedback_controller.c.obj
                0x200097d4                fb_ctrl_init
 .text.fb_ctrl_reset
                0x200097e8       0x18 DSPi/CMakeFiles/DSPi.dir/usb_feedback_controller.c.obj
                0x200097e8                fb_ctrl_reset
 .text.fb_ctrl_stream_stop
                0x20009800       0x14 DSPi/CMakeFiles/DSPi.dir/usb_feedback_controller.c.obj
                0x20009800                fb_ctrl_stream_stop
 .text.fb_ctrl_sof_update
                0x20009814       0xf4 DSPi/CMakeFiles/DSPi.dir/usb_feedback_controller.c.obj
                0x20009814                fb_ctrl_sof_update
 .text.fb_ctrl_get_10_14
                0x20009908        0xc DSPi/CMakeFiles/DSPi.dir/usb_feedback_controller.c.obj
                0x20009908                fb_ctrl_get_10_14
 .text.set_sys_clock_pll
                0x20009914       0x78 DSPi/CMakeFiles/DSPi.dir/C_/Program_Files/Raspberry_Pi/Pico_SDK_v1.5.1/pico-sdk/src/rp2_common/pico_stdlib/stdlib.c.obj
                0x20009914                set_sys_clock_pll
 .text.gpio_set_function
                0x2000998c       0x30 DSPi/CMakeFiles/DSPi.dir/C_/Program_Files/Raspberry_Pi/Pico_SDK_v1.5.1/pico-sdk/src/rp2_common/hardware_gpio/gpio.c.obj
                0x2000998c                gpio_set_function
 .text.gpio_get_function
                0x200099bc       0x14 DSPi/CMakeFiles/DSPi.dir/C_/Program_Files/Raspberry_Pi/Pico_SDK_v1.5.1/pico-sdk/src/rp2_common/hardware_gpio/gpio.c.obj
                0x200099bc                gpio_get_function
 .text.gpio_set_pulls
                0x200099d0       0x2c DSPi/CMakeFiles/DSPi.dir/C_/Program_Files/Raspberry_Pi/Pico_SDK_v1.5.1/pico-sdk/src/rp2_common/hardware_gpio/gpio.c.obj
                0x200099d0                gpio_set_pulls
 .text.gpio_set_inover
                0x200099fc       0x24 DSPi/CMakeFiles/DSPi.dir/C_/Program_Files/Raspberry_Pi/Pico_SDK_v1.5.1/pico-sdk/src/rp2_common/hardware_gpio/gpio.c.obj
                0x200099fc                gpio_set_inover
 .text.gpio_set_oeover
                0x20009a20       0x24 DSPi/CMakeFiles/DSPi.dir/C_/Program_Files/Raspberry_Pi/Pico_SDK_v1.5.1/pico-sdk/src/rp2_common/hardware_gpio/gpio.c.obj
                0x20009a20                gpio_set_oeover
 .text.gpio_init
                0x20009a44       0x3c DSPi/CMakeFiles/DSPi.dir/C_/Program_Files/Raspberry_Pi/Pico_SDK_v1.5.1/pico-sdk/src/rp2_common/hardware_gpio/gpio.c.obj
                0x20009a44                gpio_init
 .text.running_on_fpga
                0x20009a80       0x10 DSPi/CMakeFiles/DSPi.dir/C_/Program_Files/Raspberry_Pi/Pico_SDK_v1.5.1/pico-sdk/src/rp2_common/pico_platform/platform.c.obj
                0x20009a80                running_on_fpga
 .text.rp2040_chip_version
                0x20009a90        0xc DSPi/CMakeFiles/DSPi.dir/C_/Program_Files/Raspberry_Pi/Pico_SDK_v1.5.1/pico-sdk/src/rp2_common/pico_platform/platform.c.obj
                0x20009a90                rp2040_chip_version
 .text.hw_claim_lock
                0x20009a9c       0x18 DSPi/CMakeFiles/DSPi.dir/C_/Program_Files/Raspberry_Pi/Pico_SDK_v1.5.1/pico-sdk/src/rp2_common/hardware_claim/claim.c.obj
                0x20009a9c                hw_claim_lock
 .text.hw_claim_unlock
                0x20009ab4       0x14 DSPi/CMakeFiles/DSPi.dir/C_/Program_Files/Raspberry_Pi/Pico_SDK_v1.5.1/pico-sdk/src/rp2_common/hardware_claim/claim.c.obj
                0x20009ab4                hw_claim_unlock
 .text.hw_claim_or_assert
                0x20009ac8       0x44 DSPi/CMakeFiles/DSPi.dir/C_/Program_Files/Raspberry_Pi/Pico_SDK_v1.5.1/pico-sdk/src/rp2_common/hardware_claim/claim.c.obj
                0x20009ac8                hw_claim_or_assert
 .text.hw_claim_unused_from_range
                0x20009b0c       0x9c DSPi/CMakeFiles/DSPi.dir/C_/Program_Files/Raspberry_Pi/Pico_SDK_v1.5.1/pico-sdk/src/rp2_common/hardware_claim/claim.c.obj
                0x20009b0c                hw_claim_unused_from_range
 .text.hw_claim_clear
                0x20009ba8       0x38 DSPi/CMakeFiles/DSPi.dir/C_/Program_Files/Raspberry_Pi/Pico_SDK_v1.5.1/pico-sdk/src/rp2_common/hardware_claim/claim.c.obj
                0x20009ba8                hw_claim_clear
 .text.spin_locks_reset
                0x20009be0       0x1c DSPi/CMakeFiles/DSPi.dir/C_/Program_Files/Raspberry_Pi/Pico_SDK_v1.5.1/pico-sdk/src/rp2_common/hardware_sync/sync.c.obj
                0x20009be0                spin_locks_reset
 .text.spin_lock_init
                0x20009bfc       0x18 DSPi/CMakeFiles/DSPi.dir/C_/Program_Files/Raspberry_Pi/Pico_SDK_v1.5.1/pico-sdk/src/rp2_common/hardware_sync/sync.c.obj
                0x20009bfc                spin_lock_init
 .text.next_striped_spin_lock_num
                0x20009c14       0x18 DSPi/CMakeFiles/DSPi.dir/C_/Program_Files/Raspberry_Pi/Pico_SDK_v1.5.1/pico-sdk/src/rp2_common/hardware_sync/sync.c.obj
                0x20009c14                next_striped_spin_lock_num
 .text.irq_set_enabled
                0x20009c2c       0x24 DSPi/CMakeFiles/DSPi.dir/C_/Program_Files/Raspberry_Pi/Pico_SDK_v1.5.1/pico-sdk/src/rp2_common/hardware_irq/irq.c.obj
                0x20009c2c                irq_set_enabled
 .text.irq_is_enabled
                0x20009c50       0x18 DSPi/CMakeFiles/DSPi.dir/C_/Program_Files/Raspberry_Pi/Pico_SDK_v1.5.1/pico-sdk/src/rp2_common/hardware_irq/irq.c.obj
                0x20009c50                irq_is_enabled
 .text.irq_get_vtable_handler
                0x20009c68       0x10 DSPi/CMakeFiles/DSPi.dir/C_/Program_Files/Raspberry_Pi/Pico_SDK_v1.5.1/pico-sdk/src/rp2_common/hardware_irq/irq.c.obj
                0x20009c68                irq_get_vtable_handler
 .text.irq_set_exclusive_handler
                0x20009c78       0x54 DSPi/CMakeFiles/DSPi.dir/C_/Program_Files/Raspberry_Pi/Pico_SDK_v1.5.1/pico-sdk/src/rp2_common/hardware_irq/irq.c.obj
                0x20009c78                irq_set_exclusive_handler
 .text.irq_add_shared_handler
                0x20009ccc      0x1e8 DSPi/CMakeFiles/DSPi.dir/C_/Program_Files/Raspberry_Pi/Pico_SDK_v1.5.1/pico-sdk/src/rp2_common/hardware_irq/irq.c.obj
                0x20009ccc                irq_add_shared_handler
 .text.irq_remove_handler
                0x20009eb4      0x1b0 DSPi/CMakeFiles/DSPi.dir/C_/Program_Files/Raspberry_Pi/Pico_SDK_v1.5.1/pico-sdk/src/rp2_common/hardware_irq/irq.c.obj
                0x20009eb4                irq_remove_handler
 .text.irq_set_priority
                0x2000a064       0x28 DSPi/CMakeFiles/DSPi.dir/C_/Program_Files/Raspberry_Pi/Pico_SDK_v1.5.1/pico-sdk/src/rp2_common/hardware_irq/irq.c.obj
                0x2000a064                irq_set_priority
 .text.irq_add_tail_to_free_list
                0x2000a08c       0xa4 DSPi/CMakeFiles/DSPi.dir/C_/Program_Files/Raspberry_Pi/Pico_SDK_v1.5.1/pico-sdk/src/rp2_common/hardware_irq/irq.c.obj
                0x2000a08c                irq_add_tail_to_free_list
 .text.irq_init_priorities
                0x2000a130       0x24 DSPi/CMakeFiles/DSPi.dir/C_/Program_Files/Raspberry_Pi/Pico_SDK_v1.5.1/pico-sdk/src/rp2_common/hardware_irq/irq.c.obj
                0x2000a130                irq_init_priorities
 .text.lock_init
                0x2000a154       0x10 DSPi/CMakeFiles/DSPi.dir/C_/Program_Files/Raspberry_Pi/Pico_SDK_v1.5.1/pico-sdk/src/common/pico_sync/lock_core.c.obj
                0x2000a154                lock_init
 .text.mutex_init
                0x2000a164       0x1c DSPi/CMakeFiles/DSPi.dir/C_/Program_Files/Raspberry_Pi/Pico_SDK_v1.5.1/pico-sdk/src/common/pico_sync/mutex.c.obj
                0x2000a164                mutex_init
 .text.recursive_mutex_init
                0x2000a180       0x1c DSPi/CMakeFiles/DSPi.dir/C_/Program_Files/Raspberry_Pi/Pico_SDK_v1.5.1/pico-sdk/src/common/pico_sync/mutex.c.obj
                0x2000a180                recursive_mutex_init
 .text.timer_pool_entry_comparator
                0x2000a19c       0x34 DSPi/CMakeFiles/DSPi.dir/C_/Program_Files/Raspberry_Pi/Pico_SDK_v1.5.1/pico-sdk/src/common/pico_time/time.c.obj
                0x2000a19c                timer_pool_entry_comparator
 .text.sleep_until_callback
                0x2000a1d0       0x30 DSPi/CMakeFiles/DSPi.dir/C_/Program_Files/Raspberry_Pi/Pico_SDK_v1.5.1/pico-sdk/src/common/pico_time/time.c.obj
 .text.alarm_pool_cancel_alarm.part.0
                0x2000a200       0x74 DSPi/CMakeFiles/DSPi.dir/C_/Program_Files/Raspberry_Pi/Pico_SDK_v1.5.1/pico-sdk/src/common/pico_time/time.c.obj
 .text.add_alarm_under_lock
                0x2000a274      0x110 DSPi/CMakeFiles/DSPi.dir/C_/Program_Files/Raspberry_Pi/Pico_SDK_v1.5.1/pico-sdk/src/common/pico_time/time.c.obj
 .text.alarm_pool_alarm_callback
                0x2000a384      0x1bc DSPi/CMakeFiles/DSPi.dir/C_/Program_Files/Raspberry_Pi/Pico_SDK_v1.5.1/pico-sdk/src/common/pico_time/time.c.obj
 .text.alarm_pool_init_default
                0x2000a540       0x6c DSPi/CMakeFiles/DSPi.dir/C_/Program_Files/Raspberry_Pi/Pico_SDK_v1.5.1/pico-sdk/src/common/pico_time/time.c.obj
                0x2000a540                alarm_pool_init_default
 .text.alarm_pool_get_default
                0x2000a5ac        0x8 DSPi/CMakeFiles/DSPi.dir/C_/Program_Files/Raspberry_Pi/Pico_SDK_v1.5.1/pico-sdk/src/common/pico_time/time.c.obj
                0x2000a5ac                alarm_pool_get_default
 .text.alarm_pool_add_alarm_at
                0x2000a5b4       0xf0 DSPi/CMakeFiles/DSPi.dir/C_/Program_Files/Raspberry_Pi/Pico_SDK_v1.5.1/pico-sdk/src/common/pico_time/time.c.obj
                0x2000a5b4                alarm_pool_add_alarm_at
 .text.best_effort_wfe_or_timeout
                0x2000a6a4       0x78 DSPi/CMakeFiles/DSPi.dir/C_/Program_Files/Raspberry_Pi/Pico_SDK_v1.5.1/pico-sdk/src/common/pico_time/time.c.obj
                0x2000a6a4                best_effort_wfe_or_timeout
 .text.hardware_alarm_irq_handler
                0x2000a71c       0xbc DSPi/CMakeFiles/DSPi.dir/C_/Program_Files/Raspberry_Pi/Pico_SDK_v1.5.1/pico-sdk/src/rp2_common/hardware_timer/timer.c.obj
 .text.hardware_alarm_claim
                0x2000a7d8       0x18 DSPi/CMakeFiles/DSPi.dir/C_/Program_Files/Raspberry_Pi/Pico_SDK_v1.5.1/pico-sdk/src/rp2_common/hardware_timer/timer.c.obj
                0x2000a7d8                hardware_alarm_claim
 .text.time_us_64
                0x2000a7f0       0x14 DSPi/CMakeFiles/DSPi.dir/C_/Program_Files/Raspberry_Pi/Pico_SDK_v1.5.1/pico-sdk/src/rp2_common/hardware_timer/timer.c.obj
                0x2000a7f0                time_us_64
 .text.busy_wait_us
                0x2000a804       0x54 DSPi/CMakeFiles/DSPi.dir/C_/Program_Files/Raspberry_Pi/Pico_SDK_v1.5.1/pico-sdk/src/rp2_common/hardware_timer/timer.c.obj
                0x2000a804                busy_wait_us
 .text.busy_wait_ms
                0x2000a858       0x3c DSPi/CMakeFiles/DSPi.dir/C_/Program_Files/Raspberry_Pi/Pico_SDK_v1.5.1/pico-sdk/src/rp2_common/hardware_timer/timer.c.obj
                0x2000a858                busy_wait_ms
 .text.hardware_alarm_set_callback
                0x2000a894       0x8c DSPi/CMakeFiles/DSPi.dir/C_/Program_Files/Raspberry_Pi/Pico_SDK_v1.5.1/pico-sdk/src/rp2_common/hardware_timer/timer.c.obj
                0x2000a894                hardware_alarm_set_callback
 .text.hardware_alarm_set_target
                0x2000a920       0xd4 DSPi/CMakeFiles/DSPi.dir/C_/Program_Files/Raspberry_Pi/Pico_SDK_v1.5.1/pico-sdk/src/rp2_common/hardware_timer/timer.c.obj
                0x2000a920                hardware_alarm_set_target
 .text.hardware_alarm_cancel
                0x2000a9f4       0x3c DSPi/CMakeFiles/DSPi.dir/C_/Program_Files/Raspberry_Pi/Pico_SDK_v1.5.1/pico-sdk/src/rp2_common/hardware_timer/timer.c.obj
                0x2000a9f4                hardware_alarm_cancel
 .text.ph_post_alloc_init
                0x2000aa30       0x3c DSPi/CMakeFiles/DSPi.dir/C_/Program_Files/Raspberry_Pi/Pico_SDK_v1.5.1/pico-sdk/src/common/pico_util/pheap.c.obj
                0x2000aa30                ph_post_alloc_init
 .text.ph_merge_two_pass
                0x2000aa6c       0xd4 DSPi/CMakeFiles/DSPi.dir/C_/Program_Files/Raspberry_Pi/Pico_SDK_v1.5.1/pico-sdk/src/common/pico_util/pheap.c.obj
                0x2000aa6c                ph_merge_two_pass
 .text.ph_remove_any_head
                0x2000ab40       0x54 DSPi/CMakeFiles/DSPi.dir/C_/Program_Files/Raspberry_Pi/Pico_SDK_v1.5.1/pico-sdk/src/common/pico_util/pheap.c.obj
 .text.ph_remove_head
                0x2000ab94       0x58 DSPi/CMakeFiles/DSPi.dir/C_/Program_Files/Raspberry_Pi/Pico_SDK_v1.5.1/pico-sdk/src/common/pico_util/pheap.c.obj
                0x2000ab94                ph_remove_head
 .text.ph_remove_and_free_node
                0x2000abec       0xd4 DSPi/CMakeFiles/DSPi.dir/C_/Program_Files/Raspberry_Pi/Pico_SDK_v1.5.1/pico-sdk/src/common/pico_util/pheap.c.obj
                0x2000abec                ph_remove_and_free_node
 .text.clock_configure.part.0
                0x2000acc0      0x10c DSPi/CMakeFiles/DSPi.dir/C_/Program_Files/Raspberry_Pi/Pico_SDK_v1.5.1/pico-sdk/src/rp2_common/hardware_clocks/clocks.c.obj
 .text.clock_configure
                0x2000adcc       0x18 DSPi/CMakeFiles/DSPi.dir/C_/Program_Files/Raspberry_Pi/Pico_SDK_v1.5.1/pico-sdk/src/rp2_common/hardware_clocks/clocks.c.obj
                0x2000adcc                clock_configure
 .text.clocks_init
                0x2000ade4       0xf8 DSPi/CMakeFiles/DSPi.dir/C_/Program_Files/Raspberry_Pi/Pico_SDK_v1.5.1/pico-sdk/src/rp2_common/hardware_clocks/clocks.c.obj
                0x2000ade4                clocks_init
 .text.clock_get_hz
                0x2000aedc        0xc DSPi/CMakeFiles/DSPi.dir/C_/Program_Files/Raspberry_Pi/Pico_SDK_v1.5.1/pico-sdk/src/rp2_common/hardware_clocks/clocks.c.obj
                0x2000aedc                clock_get_hz
 .text.pll_init
                0x2000aee8       0xa0 DSPi/CMakeFiles/DSPi.dir/C_/Program_Files/Raspberry_Pi/Pico_SDK_v1.5.1/pico-sdk/src/rp2_common/hardware_pll/pll.c.obj
                0x2000aee8                pll_init
 .text.vreg_set_voltage
                0x2000af88       0x1c DSPi/CMakeFiles/DSPi.dir/C_/Program_Files/Raspberry_Pi/Pico_SDK_v1.5.1/pico-sdk/src/rp2_common/hardware_vreg/vreg.c.obj
                0x2000af88                vreg_set_voltage
 .text.watchdog_start_tick
                0x2000afa4       0x10 DSPi/CMakeFiles/DSPi.dir/C_/Program_Files/Raspberry_Pi/Pico_SDK_v1.5.1/pico-sdk/src/rp2_common/hardware_watchdog/watchdog.c.obj
                0x2000afa4                watchdog_start_tick
 .text.watchdog_update
                0x2000afb4       0x14 DSPi/CMakeFiles/DSPi.dir/C_/Program_Files/Raspberry_Pi/Pico_SDK_v1.5.1/pico-sdk/src/rp2_common/hardware_watchdog/watchdog.c.obj
                0x2000afb4                watchdog_update
 .text.watchdog_enable
                0x2000afc8       0x84 DSPi/CMakeFiles/DSPi.dir/C_/Program_Files/Raspberry_Pi/Pico_SDK_v1.5.1/pico-sdk/src/rp2_common/hardware_watchdog/watchdog.c.obj
                0x2000afc8                watchdog_enable
 .text.xosc_init
                0x2000b04c       0x28 DSPi/CMakeFiles/DSPi.dir/C_/Program_Files/Raspberry_Pi/Pico_SDK_v1.5.1/pico-sdk/src/rp2_common/hardware_xosc/xosc.c.obj
                0x2000b04c                xosc_init
 .text.runtime_init
                0x2000b074       0xec DSPi/CMakeFiles/DSPi.dir/C_/Program_Files/Raspberry_Pi/Pico_SDK_v1.5.1/pico-sdk/src/rp2_common/pico_runtime/runtime.c.obj
                0x2000b074                runtime_init
 .text._exit    0x2000b160        0x4 DSPi/CMakeFiles/DSPi.dir/C_/Program_Files/Raspberry_Pi/Pico_SDK_v1.5.1/pico-sdk/src/rp2_common/pico_runtime/runtime.c.obj
                0x2000b160                _exit
 .text._sbrk    0x2000b164       0x34 DSPi/CMakeFiles/DSPi.dir/C_/Program_Files/Raspberry_Pi/Pico_SDK_v1.5.1/pico-sdk/src/rp2_common/pico_runtime/runtime.c.obj
                0x2000b164                _sbrk
 .text.exit     0x2000b198        0x8 DSPi/CMakeFiles/DSPi.dir/C_/Program_Files/Raspberry_Pi/Pico_SDK_v1.5.1/pico-sdk/src/rp2_common/pico_runtime/runtime.c.obj
                0x2000b198                exit
 .text.panic    0x2000b1a0       0x30 DSPi/CMakeFiles/DSPi.dir/C_/Program_Files/Raspberry_Pi/Pico_SDK_v1.5.1/pico-sdk/src/rp2_common/pico_runtime/runtime.c.obj
                0x2000b1a0                panic
 .text.panic_unsupported
                0x2000b1d0        0xc DSPi/CMakeFiles/DSPi.dir/C_/Program_Files/Raspberry_Pi/Pico_SDK_v1.5.1/pico-sdk/src/rp2_common/pico_runtime/runtime.c.obj
                0x2000b1d0                panic_unsupported
 .text.hard_assertion_failure
                0x2000b1dc        0xc DSPi/CMakeFiles/DSPi.dir/C_/Program_Files/Raspberry_Pi/Pico_SDK_v1.5.1/pico-sdk/src/rp2_common/pico_runtime/runtime.c.obj
                0x2000b1dc                hard_assertion_failure
 .text._out_null
                0x2000b1e8        0x4 DSPi/CMakeFiles/DSPi.dir/C_/Program_Files/Raspberry_Pi/Pico_SDK_v1.5.1/pico-sdk/src/rp2_common/pico_printf/printf.c.obj
 .text._out_rev
                0x2000b1ec       0x9c DSPi/CMakeFiles/DSPi.dir/C_/Program_Files/Raspberry_Pi/Pico_SDK_v1.5.1/pico-sdk/src/rp2_common/pico_printf/printf.c.obj
 .text._ntoa_format
                0x2000b288      0x1d0 DSPi/CMakeFiles/DSPi.dir/C_/Program_Files/Raspberry_Pi/Pico_SDK_v1.5.1/pico-sdk/src/rp2_common/pico_printf/printf.c.obj
 .text._ntoa_long
                0x2000b458       0xb8 DSPi/CMakeFiles/DSPi.dir/C_/Program_Files/Raspberry_Pi/Pico_SDK_v1.5.1/pico-sdk/src/rp2_common/pico_printf/printf.c.obj
 .text._ntoa_long_long
                0x2000b510       0xd8 DSPi/CMakeFiles/DSPi.dir/C_/Program_Files/Raspberry_Pi/Pico_SDK_v1.5.1/pico-sdk/src/rp2_common/pico_printf/printf.c.obj
 .text._etoa    0x2000b5e8      0x3fc DSPi/CMakeFiles/DSPi.dir/C_/Program_Files/Raspberry_Pi/Pico_SDK_v1.5.1/pico-sdk/src/rp2_common/pico_printf/printf.c.obj
 .text._ftoa    0x2000b9e4      0x398 DSPi/CMakeFiles/DSPi.dir/C_/Program_Files/Raspberry_Pi/Pico_SDK_v1.5.1/pico-sdk/src/rp2_common/pico_printf/printf.c.obj
 .text._out_char
                0x2000bd7c       0x10 DSPi/CMakeFiles/DSPi.dir/C_/Program_Files/Raspberry_Pi/Pico_SDK_v1.5.1/pico-sdk/src/rp2_common/pico_printf/printf.c.obj
 .text._out_fct
                0x2000bd8c       0x10 DSPi/CMakeFiles/DSPi.dir/C_/Program_Files/Raspberry_Pi/Pico_SDK_v1.5.1/pico-sdk/src/rp2_common/pico_printf/printf.c.obj
 .text._vsnprintf
                0x2000bd9c      0x704 DSPi/CMakeFiles/DSPi.dir/C_/Program_Files/Raspberry_Pi/Pico_SDK_v1.5.1/pico-sdk/src/rp2_common/pico_printf/printf.c.obj
 .text.vfctprintf
                0x2000c4a0       0x20 DSPi/CMakeFiles/DSPi.dir/C_/Program_Files/Raspberry_Pi/Pico_SDK_v1.5.1/pico-sdk/src/rp2_common/pico_printf/printf.c.obj
                0x2000c4a0                vfctprintf
 .text.weak_raw_vprintf
                0x2000c4c0       0x30 DSPi/CMakeFiles/DSPi.dir/C_/Program_Files/Raspberry_Pi/Pico_SDK_v1.5.1/pico-sdk/src/rp2_common/pico_printf/printf.c.obj
                0x2000c4c0                weak_raw_vprintf
 .text          0x2000c4f0       0x10 DSPi/CMakeFiles/DSPi.dir/C_/Program_Files/Raspberry_Pi/Pico_SDK_v1.5.1/pico-sdk/src/rp2_common/pico_bit_ops/bit_ops_aeabi.S.obj
 .text.ctzsi    0x2000c500        0xc DSPi/CMakeFiles/DSPi.dir/C_/Program_Files/Raspberry_Pi/Pico_SDK_v1.5.1/pico-sdk/src/rp2_common/pico_bit_ops/bit_ops_aeabi.S.obj
                0x2000c500                __wrap___ctzsi2
 .text.rom_func_lookup
                0x2000c50c       0x10 DSPi/CMakeFiles/DSPi.dir/C_/Program_Files/Raspberry_Pi/Pico_SDK_v1.5.1/pico-sdk/src/rp2_common/pico_bootrom/bootrom.c.obj
                0x2000c50c                rom_func_lookup
 .text.rom_data_lookup
                0x2000c51c       0x10 DSPi/CMakeFiles/DSPi.dir/C_/Program_Files/Raspberry_Pi/Pico_SDK_v1.5.1/pico-sdk/src/rp2_common/pico_bootrom/bootrom.c.obj
                0x2000c51c                rom_data_lookup
 .text.rom_funcs_lookup
                0x2000c52c       0x44 DSPi/CMakeFiles/DSPi.dir/C_/Program_Files/Raspberry_Pi/Pico_SDK_v1.5.1/pico-sdk/src/rp2_common/pico_bootrom/bootrom.c.obj
                0x2000c52c                rom_funcs_lookup
 .text.__wrap___aeabi_idiv
                0x2000c570       0x50 DSPi/CMakeFiles/DSPi.dir/C_/Program_Files/Raspberry_Pi/Pico_SDK_v1.5.1/pico-sdk/src/rp2_common/pico_divider/divider.S.obj
                0x2000c570                __wrap___aeabi_idivmod
                0x2000c570                divmod_s32s32
                0x2000c570                div_s32s32
                0x2000c570                __wrap___aeabi_idiv
                0x2000c578                divmod_s32s32_unsafe
                0x2000c5a4                divmod_s32s32_savestate
 .text.__wrap___aeabi_uidiv
                0x2000c5c0       0x4c DSPi/CMakeFiles/DSPi.dir/C_/Program_Files/Raspberry_Pi/Pico_SDK_v1.5.1/pico-sdk/src/rp2_common/pico_divider/divider.S.obj
                0x2000c5c0                __wrap___aeabi_uidiv
                0x2000c5c0                __wrap___aeabi_uidivmod
                0x2000c5c0                div_u32u32
                0x2000c5c0                divmod_u32u32
                0x2000c5c8                divmod_u32u32_unsafe
                0x2000c5f0                divmod_u32u32_savestate
 .text.__wrap___aeabi_ldiv
                0x2000c60c      0x424 DSPi/CMakeFiles/DSPi.dir/C_/Program_Files/Raspberry_Pi/Pico_SDK_v1.5.1/pico-sdk/src/rp2_common/pico_divider/divider.S.obj
                0x2000c60c                div_s64s64
                0x2000c60c                divmod_s64s64
                0x2000c60c                __wrap___aeabi_ldivmod
                0x2000c63c                divmod_u64u64
                0x2000c63c                div_u64u64
                0x2000c63c                __wrap___aeabi_uldivmod
                0x2000c64c                divmod_u64u64_savestate
                0x2000c66c                divmod_s64s64_unsafe
                0x2000c6f4                divmod_u64u64_unsafe
 .text.__wrap___aeabi_darithmetic
                0x2000ca30       0x80 DSPi/CMakeFiles/DSPi.dir/C_/Program_Files/Raspberry_Pi/Pico_SDK_v1.5.1/pico-sdk/src/rp2_common/pico_double/double_aeabi.S.obj
                0x2000ca30                __wrap___aeabi_drsub
                0x2000ca36                __wrap___aeabi_dsub
                0x2000ca48                __wrap___aeabi_dadd
                0x2000ca5a                __wrap___aeabi_ddiv
                0x2000ca96                __wrap___aeabi_dmul
 .text.__wrap___aeabi_cdcmple
                0x2000cab0       0x6c DSPi/CMakeFiles/DSPi.dir/C_/Program_Files/Raspberry_Pi/Pico_SDK_v1.5.1/pico-sdk/src/rp2_common/pico_double/double_aeabi.S.obj
                0x2000cab0                __wrap___aeabi_cdrcmple
                0x2000cac0                __wrap___aeabi_cdcmpeq
                0x2000cac0                __wrap___aeabi_cdcmple
 .text.__wrap___aeabi_dcmplt
                0x2000cb1c        0xc DSPi/CMakeFiles/DSPi.dir/C_/Program_Files/Raspberry_Pi/Pico_SDK_v1.5.1/pico-sdk/src/rp2_common/pico_double/double_aeabi.S.obj
                0x2000cb1c                __wrap___aeabi_dcmplt
 .text.__wrap___aeabi_dcmple
                0x2000cb28       0x10 DSPi/CMakeFiles/DSPi.dir/C_/Program_Files/Raspberry_Pi/Pico_SDK_v1.5.1/pico-sdk/src/rp2_common/pico_double/double_aeabi.S.obj
                0x2000cb28                __wrap___aeabi_dcmple
 .text.__wrap___aeabi_dcmpge
                0x2000cb38       0x10 DSPi/CMakeFiles/DSPi.dir/C_/Program_Files/Raspberry_Pi/Pico_SDK_v1.5.1/pico-sdk/src/rp2_common/pico_double/double_aeabi.S.obj
                0x2000cb38                __wrap___aeabi_dcmpge
 .text.__wrap___aeabi_dcmpgt
                0x2000cb48        0xa DSPi/CMakeFiles/DSPi.dir/C_/Program_Files/Raspberry_Pi/Pico_SDK_v1.5.1/pico-sdk/src/rp2_common/pico_double/double_aeabi.S.obj
                0x2000cb48                __wrap___aeabi_dcmpgt
 .text.__wrap___aeabi_dcmpun
                0x2000cb52       0x1c DSPi/CMakeFiles/DSPi.dir/C_/Program_Files/Raspberry_Pi/Pico_SDK_v1.5.1/pico-sdk/src/rp2_common/pico_double/double_aeabi.S.obj
                0x2000cb52                __wrap___aeabi_dcmpun
 *fill*         0x2000cb6e        0x2 
 .text.__wrap___aeabi_i2d
                0x2000cb70       0x38 DSPi/CMakeFiles/DSPi.dir/C_/Program_Files/Raspberry_Pi/Pico_SDK_v1.5.1/pico-sdk/src/rp2_common/pico_double/double_aeabi.S.obj
                0x2000cb70                __wrap___aeabi_ui2d
                0x2000cb78                __wrap___aeabi_i2d
 .text.__wrap___aeabi_d2iz
                0x2000cba8       0x48 DSPi/CMakeFiles/DSPi.dir/C_/Program_Files/Raspberry_Pi/Pico_SDK_v1.5.1/pico-sdk/src/rp2_common/pico_double/double_aeabi.S.obj
                0x2000cba8                double2int_z
                0x2000cba8                __wrap___aeabi_d2iz
 .text.__wrap___aeabi_d2uiz
                0x2000cbf0       0x18 DSPi/CMakeFiles/DSPi.dir/C_/Program_Files/Raspberry_Pi/Pico_SDK_v1.5.1/pico-sdk/src/rp2_common/pico_double/double_aeabi.S.obj
                0x2000cbf0                __wrap___aeabi_d2uiz
                0x2000cbf0                double2uint
 .text.__wrap___aeabi_d2f
                0x2000cc08       0x18 DSPi/CMakeFiles/DSPi.dir/C_/Program_Files/Raspberry_Pi/Pico_SDK_v1.5.1/pico-sdk/src/rp2_common/pico_double/double_aeabi.S.obj
                0x2000cc08                __wrap___aeabi_d2f
 .text.__wrap_exp
                0x2000cc20       0x18 DSPi/CMakeFiles/DSPi.dir/C_/Program_Files/Raspberry_Pi/Pico_SDK_v1.5.1/pico-sdk/src/rp2_common/pico_double/double_aeabi.S.obj
                0x2000cc20                __wrap_exp
 .text.__wrap_log
                0x2000cc38       0x18 DSPi/CMakeFiles/DSPi.dir/C_/Program_Files/Raspberry_Pi/Pico_SDK_v1.5.1/pico-sdk/src/rp2_common/pico_double/double_aeabi.S.obj
                0x2000cc38                __wrap_log
 .text.__aeabi_double_init
                0x2000cc50       0x60 DSPi/CMakeFiles/DSPi.dir/C_/Program_Files/Raspberry_Pi/Pico_SDK_v1.5.1/pico-sdk/src/rp2_common/pico_double/double_init_rom.c.obj
                0x2000cc50                __aeabi_double_init
 .text.double_table_shim_on_use_helper
                0x2000ccb0       0x2c DSPi/CMakeFiles/DSPi.dir/C_/Program_Files/Raspberry_Pi/Pico_SDK_v1.5.1/pico-sdk/src/rp2_common/pico_double/double_v1_rom_shim.S.obj
                0x2000ccb0                double_table_shim_on_use_helper
 .text.__wrap___aeabi_dsub
                0x2000ccdc       0x10 DSPi/CMakeFiles/DSPi.dir/C_/Program_Files/Raspberry_Pi/Pico_SDK_v1.5.1/pico-sdk/src/rp2_common/pico_double/double_v1_rom_shim.S.obj
                0x2000ccdc                drsub_shim
                0x2000cce2                dsub_shim
 .text.dadd_shim
                0x2000ccec      0x15c DSPi/CMakeFiles/DSPi.dir/C_/Program_Files/Raspberry_Pi/Pico_SDK_v1.5.1/pico-sdk/src/rp2_common/pico_double/double_v1_rom_shim.S.obj
                0x2000ccec                dadd_shim
 .text.dmul_shim
                0x2000ce48      0x15c DSPi/CMakeFiles/DSPi.dir/C_/Program_Files/Raspberry_Pi/Pico_SDK_v1.5.1/pico-sdk/src/rp2_common/pico_double/double_v1_rom_shim.S.obj
                0x2000ce48                dmul_shim
 .text.ddiv_shim
                0x2000cfa4      0x1b0 DSPi/CMakeFiles/DSPi.dir/C_/Program_Files/Raspberry_Pi/Pico_SDK_v1.5.1/pico-sdk/src/rp2_common/pico_double/double_v1_rom_shim.S.obj
                0x2000cfa4                ddiv_shim
 .text.double2uint_shim
                0x2000d154        0xe DSPi/CMakeFiles/DSPi.dir/C_/Program_Files/Raspberry_Pi/Pico_SDK_v1.5.1/pico-sdk/src/rp2_common/pico_double/double_v1_rom_shim.S.obj
                0x2000d154                double2uint_shim
                0x2000d156                double2ufix_shim
 *fill*         0x2000d162        0x2 
 .text.double2uint64_shim
                0x2000d164       0x70 DSPi/CMakeFiles/DSPi.dir/C_/Program_Files/Raspberry_Pi/Pico_SDK_v1.5.1/pico-sdk/src/rp2_common/pico_double/double_v1_rom_shim.S.obj
                0x2000d164                double2uint64_shim
                0x2000d166                double2ufix64_shim
                0x2000d186                d2fix_a
 .text.double2float_shim
                0x2000d1d4       0x5c DSPi/CMakeFiles/DSPi.dir/C_/Program_Files/Raspberry_Pi/Pico_SDK_v1.5.1/pico-sdk/src/rp2_common/pico_double/double_v1_rom_shim.S.obj
                0x2000d1d4                double2float_shim
 .text.x2double_shims
                0x2000d230       0x90 DSPi/CMakeFiles/DSPi.dir/C_/Program_Files/Raspberry_Pi/Pico_SDK_v1.5.1/pico-sdk/src/rp2_common/pico_double/double_v1_rom_shim.S.obj
                0x2000d230                uint2double_shim
                0x2000d232                ufix2double_shim
                0x2000d238                int2double_shim
                0x2000d23a                fix2double_shim
                0x2000d240                uint642double_shim
                0x2000d242                ufix642double_shim
                0x2000d248                int642double_shim
                0x2000d24a                fix642double_shim
 .text.dunpacks
                0x2000d2c0       0x3c DSPi/CMakeFiles/DSPi.dir/C_/Program_Files/Raspberry_Pi/Pico_SDK_v1.5.1/pico-sdk/src/rp2_common/pico_double/double_v1_rom_shim.S.obj
                0x2000d2c0                dunpacks
 .text.dreduce  0x2000d2fc       0x82 DSPi/CMakeFiles/DSPi.dir/C_/Program_Files/Raspberry_Pi/Pico_SDK_v1.5.1/pico-sdk/src/rp2_common/pico_double/double_v1_rom_shim.S.obj
                0x2000d2fc                dreduce
 *fill*         0x2000d37e        0x2 
 .text.dexp_guts
                0x2000d380      0x268 DSPi/CMakeFiles/DSPi.dir/C_/Program_Files/Raspberry_Pi/Pico_SDK_v1.5.1/pico-sdk/src/rp2_common/pico_double/double_v1_rom_shim.S.obj
                0x2000d380                dexp_shim
                0x2000d41c                dln_shim
 .text.__aeabi_lmul
                0x2000d5e8       0x32 DSPi/CMakeFiles/DSPi.dir/C_/Program_Files/Raspberry_Pi/Pico_SDK_v1.5.1/pico-sdk/src/rp2_common/pico_int64_ops/pico_int64_ops_aeabi.S.obj
                0x2000d5e8                __wrap___aeabi_lmul
 *fill*         0x2000d61a        0x2 
 .text.__wrap___aeabi_farithmetic
                0x2000d61c       0x48 DSPi/CMakeFiles/DSPi.dir/C_/Program_Files/Raspberry_Pi/Pico_SDK_v1.5.1/pico-sdk/src/rp2_common/pico_float/float_aeabi.S.obj
                0x2000d61c                __wrap___aeabi_frsub
                0x2000d622                __wrap___aeabi_fsub
                0x2000d628                __wrap___aeabi_fadd
                0x2000d62e                __wrap___aeabi_fdiv
                0x2000d656                __wrap___aeabi_fmul
 .text.__wrap___aeabi_cfcmple
                0x2000d664       0x50 DSPi/CMakeFiles/DSPi.dir/C_/Program_Files/Raspberry_Pi/Pico_SDK_v1.5.1/pico-sdk/src/rp2_common/pico_float/float_aeabi.S.obj
                0x2000d664                __wrap___aeabi_cfrcmple
                0x2000d670                __wrap___aeabi_cfcmple
                0x2000d670                __wrap___aeabi_cfcmpeq
 .text.__wrap___aeabi_fcmpeq
                0x2000d6b4       0x10 DSPi/CMakeFiles/DSPi.dir/C_/Program_Files/Raspberry_Pi/Pico_SDK_v1.5.1/pico-sdk/src/rp2_common/pico_float/float_aeabi.S.obj
                0x2000d6b4                __wrap___aeabi_fcmpeq
 .text.__wrap___aeabi_fcmplt
                0x2000d6c4        0xc DSPi/CMakeFiles/DSPi.dir/C_/Program_Files/Raspberry_Pi/Pico_SDK_v1.5.1/pico-sdk/src/rp2_common/pico_float/float_aeabi.S.obj
                0x2000d6c4                __wrap___aeabi_fcmplt
 .text.__wrap___aeabi_fcmple
                0x2000d6d0       0x10 DSPi/CMakeFiles/DSPi.dir/C_/Program_Files/Raspberry_Pi/Pico_SDK_v1.5.1/pico-sdk/src/rp2_common/pico_float/float_aeabi.S.obj
                0x2000d6d0                __wrap___aeabi_fcmple
 .text.__wrap___aeabi_fcmpge
                0x2000d6e0       0x10 DSPi/CMakeFiles/DSPi.dir/C_/Program_Files/Raspberry_Pi/Pico_SDK_v1.5.1/pico-sdk/src/rp2_common/pico_float/float_aeabi.S.obj
                0x2000d6e0                __wrap___aeabi_fcmpge
 .text.__wrap___aeabi_fcmpgt
                0x2000d6f0        0xa DSPi/CMakeFiles/DSPi.dir/C_/Program_Files/Raspberry_Pi/Pico_SDK_v1.5.1/pico-sdk/src/rp2_common/pico_float/float_aeabi.S.obj
                0x2000d6f0                __wrap___aeabi_fcmpgt
 .text.__wrap___aeabi_fcmpun
                0x2000d6fa       0x18 DSPi/CMakeFiles/DSPi.dir/C_/Program_Files/Raspberry_Pi/Pico_SDK_v1.5.1/pico-sdk/src/rp2_common/pico_float/float_aeabi.S.obj
                0x2000d6fa                __wrap___aeabi_fcmpun
 .text.__wrap___aeabi_ui2f
                0x2000d712        0xa DSPi/CMakeFiles/DSPi.dir/C_/Program_Files/Raspberry_Pi/Pico_SDK_v1.5.1/pico-sdk/src/rp2_common/pico_float/float_aeabi.S.obj
                0x2000d712                __wrap___aeabi_ui2f
 .text.__wrap___aeabi_i2f
                0x2000d71c       0x44 DSPi/CMakeFiles/DSPi.dir/C_/Program_Files/Raspberry_Pi/Pico_SDK_v1.5.1/pico-sdk/src/rp2_common/pico_float/float_aeabi.S.obj
                0x2000d71c                __wrap___aeabi_i2f
 .text.__wrap___aeabi_f2iz
                0x2000d760       0x4e DSPi/CMakeFiles/DSPi.dir/C_/Program_Files/Raspberry_Pi/Pico_SDK_v1.5.1/pico-sdk/src/rp2_common/pico_float/float_aeabi.S.obj
                0x2000d760                float2int_z
                0x2000d760                __wrap___aeabi_f2iz
 *fill*         0x2000d7ae        0x2 
 .text.float2int
                0x2000d7b0       0x14 DSPi/CMakeFiles/DSPi.dir/C_/Program_Files/Raspberry_Pi/Pico_SDK_v1.5.1/pico-sdk/src/rp2_common/pico_float/float_aeabi.S.obj
                0x2000d7b0                float2int
 .text.__wrap___aeabi_f2uiz
                0x2000d7c4        0xc DSPi/CMakeFiles/DSPi.dir/C_/Program_Files/Raspberry_Pi/Pico_SDK_v1.5.1/pico-sdk/src/rp2_common/pico_float/float_aeabi.S.obj
                0x2000d7c4                __wrap___aeabi_f2uiz
 .text.fix2float
                0x2000d7d0        0xc DSPi/CMakeFiles/DSPi.dir/C_/Program_Files/Raspberry_Pi/Pico_SDK_v1.5.1/pico-sdk/src/rp2_common/pico_float/float_aeabi.S.obj
                0x2000d7d0                fix2float
 .text.__wrap___aeabi_f2d
                0x2000d7dc       0x14 DSPi/CMakeFiles/DSPi.dir/C_/Program_Files/Raspberry_Pi/Pico_SDK_v1.5.1/pico-sdk/src/rp2_common/pico_float/float_aeabi.S.obj
                0x2000d7dc                __wrap___aeabi_f2d
 .text.__wrap_sqrtf
                0x2000d7f0       0x20 DSPi/CMakeFiles/DSPi.dir/C_/Program_Files/Raspberry_Pi/Pico_SDK_v1.5.1/pico-sdk/src/rp2_common/pico_float/float_aeabi.S.obj
                0x2000d7f0                __wrap_sqrtf
 .text.__wrap_cosf
                0x2000d810       0x24 DSPi/CMakeFiles/DSPi.dir/C_/Program_Files/Raspberry_Pi/Pico_SDK_v1.5.1/pico-sdk/src/rp2_common/pico_float/float_aeabi.S.obj
                0x2000d810                __wrap_cosf
 .text.__wrap_sinf
                0x2000d834       0x24 DSPi/CMakeFiles/DSPi.dir/C_/Program_Files/Raspberry_Pi/Pico_SDK_v1.5.1/pico-sdk/src/rp2_common/pico_float/float_aeabi.S.obj
                0x2000d834                __wrap_sinf
 .text.__wrap_expf
                0x2000d858        0xc DSPi/CMakeFiles/DSPi.dir/C_/Program_Files/Raspberry_Pi/Pico_SDK_v1.5.1/pico-sdk/src/rp2_common/pico_float/float_aeabi.S.obj
                0x2000d858                __wrap_expf
 .text.__wrap_logf
                0x2000d864        0xc DSPi/CMakeFiles/DSPi.dir/C_/Program_Files/Raspberry_Pi/Pico_SDK_v1.5.1/pico-sdk/src/rp2_common/pico_float/float_aeabi.S.obj
                0x2000d864                __wrap_logf
 .text.__aeabi_float_init
                0x2000d870       0x5c DSPi/CMakeFiles/DSPi.dir/C_/Program_Files/Raspberry_Pi/Pico_SDK_v1.5.1/pico-sdk/src/rp2_common/pico_float/float_init_rom.c.obj
                0x2000d870                __aeabi_float_init
 .text.frem_0   0x2000d8cc       0x94 DSPi/CMakeFiles/DSPi.dir/C_/Program_Files/Raspberry_Pi/Pico_SDK_v1.5.1/pico-sdk/src/rp2_common/pico_float/float_math.c.obj
 .text.fpow_int2
                0x2000d960       0xd4 DSPi/CMakeFiles/DSPi.dir/C_/Program_Files/Raspberry_Pi/Pico_SDK_v1.5.1/pico-sdk/src/rp2_common/pico_float/float_math.c.obj
 .text.fpow_0   0x2000da34       0xf8 DSPi/CMakeFiles/DSPi.dir/C_/Program_Files/Raspberry_Pi/Pico_SDK_v1.5.1/pico-sdk/src/rp2_common/pico_float/float_math.c.obj
 .text.__wrap_log10f
                0x2000db2c       0x14 DSPi/CMakeFiles/DSPi.dir/C_/Program_Files/Raspberry_Pi/Pico_SDK_v1.5.1/pico-sdk/src/rp2_common/pico_float/float_math.c.obj
                0x2000db2c                __wrap_log10f
 .text.__wrap_powf
                0x2000db40      0x1a8 DSPi/CMakeFiles/DSPi.dir/C_/Program_Files/Raspberry_Pi/Pico_SDK_v1.5.1/pico-sdk/src/rp2_common/pico_float/float_math.c.obj
                0x2000db40                __wrap_powf
 .text.__wrap_remquof
                0x2000dce8       0xe0 DSPi/CMakeFiles/DSPi.dir/C_/Program_Files/Raspberry_Pi/Pico_SDK_v1.5.1/pico-sdk/src/rp2_common/pico_float/float_math.c.obj
                0x2000dce8                __wrap_remquof
 .text.__wrap_remainderf
                0x2000ddc8        0xc DSPi/CMakeFiles/DSPi.dir/C_/Program_Files/Raspberry_Pi/Pico_SDK_v1.5.1/pico-sdk/src/rp2_common/pico_float/float_math.c.obj
                0x2000ddc8                __wrap_remainderf
 .text.float_table_shim_on_use_helper
                0x2000ddd4       0x2c DSPi/CMakeFiles/DSPi.dir/C_/Program_Files/Raspberry_Pi/Pico_SDK_v1.5.1/pico-sdk/src/rp2_common/pico_float/float_v1_rom_shim.S.obj
                0x2000ddd4                float_table_shim_on_use_helper
 .text.float232_shims
                0x2000de00       0x18 DSPi/CMakeFiles/DSPi.dir/C_/Program_Files/Raspberry_Pi/Pico_SDK_v1.5.1/pico-sdk/src/rp2_common/pico_float/float_v1_rom_shim.S.obj
                0x2000de00                float2int_shim
                0x2000de02                float2fix_shim
 .text.float2double_shim
                0x2000de18       0x30 DSPi/CMakeFiles/DSPi.dir/C_/Program_Files/Raspberry_Pi/Pico_SDK_v1.5.1/pico-sdk/src/rp2_common/pico_float/float_v1_rom_shim.S.obj
                0x2000de18                float2double_shim
 .text.__wrap_malloc
                0x2000de48       0x3c DSPi/CMakeFiles/DSPi.dir/C_/Program_Files/Raspberry_Pi/Pico_SDK_v1.5.1/pico-sdk/src/rp2_common/pico_malloc/pico_malloc.c.obj
                0x2000de48                __wrap_malloc
 .text.__wrap_calloc
                0x2000de84       0x40 DSPi/CMakeFiles/DSPi.dir/C_/Program_Files/Raspberry_Pi/Pico_SDK_v1.5.1/pico-sdk/src/rp2_common/pico_malloc/pico_malloc.c.obj
                0x2000de84                __wrap_calloc
 .text.__wrap_free
                0x2000dec4       0x20 DSPi/CMakeFiles/DSPi.dir/C_/Program_Files/Raspberry_Pi/Pico_SDK_v1.5.1/pico-sdk/src/rp2_common/pico_malloc/pico_malloc.c.obj
                0x2000dec4                __wrap_free
 .text          0x2000dee4       0x10 DSPi/CMakeFiles/DSPi.dir/C_/Program_Files/Raspberry_Pi/Pico_SDK_v1.5.1/pico-sdk/src/rp2_common/pico_mem_ops/mem_ops_aeabi.S.obj
                0x2000dee4                __aeabi_mem_init
 .text.memset   0x2000def4        0xc DSPi/CMakeFiles/DSPi.dir/C_/Program_Files/Raspberry_Pi/Pico_SDK_v1.5.1/pico-sdk/src/rp2_common/pico_mem_ops/mem_ops_aeabi.S.obj
                0x2000def4                __wrap_memset
 .text.memcpy   0x2000df00        0xc DSPi/CMakeFiles/DSPi.dir/C_/Program_Files/Raspberry_Pi/Pico_SDK_v1.5.1/pico-sdk/src/rp2_common/pico_mem_ops/mem_ops_aeabi.S.obj
                0x2000df00                __wrap_memcpy
                0x2000df00                __wrap___aeabi_memcpy
 .text.stdio_out_chars_no_crlf
                0x2000df0c       0x10 DSPi/CMakeFiles/DSPi.dir/C_/Program_Files/Raspberry_Pi/Pico_SDK_v1.5.1/pico-sdk/src/rp2_common/pico_stdio/stdio.c.obj
 .text.stdio_out_chars_crlf.part.0
                0x2000df1c       0xa0 DSPi/CMakeFiles/DSPi.dir/C_/Program_Files/Raspberry_Pi/Pico_SDK_v1.5.1/pico-sdk/src/rp2_common/pico_stdio/stdio.c.obj
 .text.stdio_out_chars_crlf
                0x2000dfbc       0x1c DSPi/CMakeFiles/DSPi.dir/C_/Program_Files/Raspberry_Pi/Pico_SDK_v1.5.1/pico-sdk/src/rp2_common/pico_stdio/stdio.c.obj
 .text.stdio_stack_buffer_flush.part.0
                0x2000dfd8       0x60 DSPi/CMakeFiles/DSPi.dir/C_/Program_Files/Raspberry_Pi/Pico_SDK_v1.5.1/pico-sdk/src/rp2_common/pico_stdio/stdio.c.obj
 .text.stdio_buffered_printer
                0x2000e038       0x20 DSPi/CMakeFiles/DSPi.dir/C_/Program_Files/Raspberry_Pi/Pico_SDK_v1.5.1/pico-sdk/src/rp2_common/pico_stdio/stdio.c.obj
 .text.stdio_put_string.isra.0
                0x2000e058       0xd8 DSPi/CMakeFiles/DSPi.dir/C_/Program_Files/Raspberry_Pi/Pico_SDK_v1.5.1/pico-sdk/src/rp2_common/pico_stdio/stdio.c.obj
 .text.__wrap_putchar
                0x2000e130       0x1c DSPi/CMakeFiles/DSPi.dir/C_/Program_Files/Raspberry_Pi/Pico_SDK_v1.5.1/pico-sdk/src/rp2_common/pico_stdio/stdio.c.obj
                0x2000e130                __wrap_putchar
 .text.__wrap_puts
                0x2000e14c       0x34 DSPi/CMakeFiles/DSPi.dir/C_/Program_Files/Raspberry_Pi/Pico_SDK_v1.5.1/pico-sdk/src/rp2_common/pico_stdio/stdio.c.obj
                0x2000e14c                __wrap_puts
 .text.__wrap_vprintf
                0x2000e180       0x84 DSPi/CMakeFiles/DSPi.dir/C_/Program_Files/Raspberry_Pi/Pico_SDK_v1.5.1/pico-sdk/src/rp2_common/pico_stdio/stdio.c.obj
                0x2000e180                __wrap_vprintf
 .text.__wrap_printf
                0x2000e204       0x18 DSPi/CMakeFiles/DSPi.dir/C_/Program_Files/Raspberry_Pi/Pico_SDK_v1.5.1/pico-sdk/src/rp2_common/pico_stdio/stdio.c.obj
                0x2000e204                __wrap_printf
 .text.core1_trampoline
                0x2000e21c        0x4 DSPi/CMakeFiles/DSPi.dir/C_/Program_Files/Raspberry_Pi/Pico_SDK_v1.5.1/pico-sdk/src/rp2_common/pico_multicore/multicore.c.obj
 .text.core1_wrapper
                0x2000e220        0xc DSPi/CMakeFiles/DSPi.dir/C_/Program_Files/Raspberry_Pi/Pico_SDK_v1.5.1/pico-sdk/src/rp2_common/pico_multicore/multicore.c.obj
                0x2000e220                core1_wrapper
 .text.multicore_fifo_push_timeout_us
                0x2000e22c       0x5c DSPi/CMakeFiles/DSPi.dir/C_/Program_Files/Raspberry_Pi/Pico_SDK_v1.5.1/pico-sdk/src/rp2_common/pico_multicore/multicore.c.obj
                0x2000e22c                multicore_fifo_push_timeout_us
 .text.multicore_fifo_pop_timeout_us
                0x2000e288       0x70 DSPi/CMakeFiles/DSPi.dir/C_/Program_Files/Raspberry_Pi/Pico_SDK_v1.5.1/pico-sdk/src/rp2_common/pico_multicore/multicore.c.obj
                0x2000e288                multicore_fifo_pop_timeout_us
 .text.multicore_lockout_handshake
                0x2000e2f8       0x98 DSPi/CMakeFiles/DSPi.dir/C_/Program_Files/Raspberry_Pi/Pico_SDK_v1.5.1/pico-sdk/src/rp2_common/pico_multicore/multicore.c.obj
 .text.multicore_lockout_start_block_until
                0x2000e390       0x70 DSPi/CMakeFiles/DSPi.dir/C_/Program_Files/Raspberry_Pi/Pico_SDK_v1.5.1/pico-sdk/src/rp2_common/pico_multicore/multicore.c.obj
 .text.multicore_launch_core1_raw
                0x2000e400       0x80 DSPi/CMakeFiles/DSPi.dir/C_/Program_Files/Raspberry_Pi/Pico_SDK_v1.5.1/pico-sdk/src/rp2_common/pico_multicore/multicore.c.obj
                0x2000e400                multicore_launch_core1_raw
 .text.multicore_launch_core1
                0x2000e480       0x4c DSPi/CMakeFiles/DSPi.dir/C_/Program_Files/Raspberry_Pi/Pico_SDK_v1.5.1/pico-sdk/src/rp2_common/pico_multicore/multicore.c.obj
                0x2000e480                multicore_launch_core1
 .text.multicore_lockout_victim_init
                0x2000e4cc       0x4c DSPi/CMakeFiles/DSPi.dir/C_/Program_Files/Raspberry_Pi/Pico_SDK_v1.5.1/pico-sdk/src/rp2_common/pico_multicore/multicore.c.obj
                0x2000e4cc                multicore_lockout_victim_init
 .text.multicore_lockout_start_blocking
                0x2000e518       0x14 DSPi/CMakeFiles/DSPi.dir/C_/Program_Files/Raspberry_Pi/Pico_SDK_v1.5.1/pico-sdk/src/rp2_common/pico_multicore/multicore.c.obj
                0x2000e518                multicore_lockout_start_blocking
 .text.multicore_lockout_end_blocking
                0x2000e52c       0x50 DSPi/CMakeFiles/DSPi.dir/C_/Program_Files/Raspberry_Pi/Pico_SDK_v1.5.1/pico-sdk/src/rp2_common/pico_multicore/multicore.c.obj
                0x2000e52c                multicore_lockout_end_blocking
 .text.multicore_lockout_victim_is_initialized
                0x2000e57c        0xc DSPi/CMakeFiles/DSPi.dir/C_/Program_Files/Raspberry_Pi/Pico_SDK_v1.5.1/pico-sdk/src/rp2_common/pico_multicore/multicore.c.obj
                0x2000e57c                multicore_lockout_victim_is_initialized
 .text.startup._retrieve_unique_id_on_boot
                0x2000e588       0x10 DSPi/CMakeFiles/DSPi.dir/C_/Program_Files/Raspberry_Pi/Pico_SDK_v1.5.1/pico-sdk/src/rp2_common/pico_unique_id/unique_id.c.obj
 .text.pico_get_unique_board_id_string
                0x2000e598       0x44 DSPi/CMakeFiles/DSPi.dir/C_/Program_Files/Raspberry_Pi/Pico_SDK_v1.5.1/pico-sdk/src/rp2_common/pico_unique_id/unique_id.c.obj
                0x2000e598                pico_get_unique_board_id_string
 .text.flash_get_unique_id
                0x2000e5dc       0x40 DSPi/CMakeFiles/DSPi.dir/C_/Program_Files/Raspberry_Pi/Pico_SDK_v1.5.1/pico-sdk/src/rp2_common/hardware_flash/flash.c.obj
                0x2000e5dc                flash_get_unique_id
 .text.adc_init
                0x2000e61c       0x38 DSPi/CMakeFiles/DSPi.dir/C_/Program_Files/Raspberry_Pi/Pico_SDK_v1.5.1/pico-sdk/src/rp2_common/hardware_adc/adc.c.obj
                0x2000e61c                adc_init
 .text.wrap_producer_give
                0x2000e654       0x20 DSPi/CMakeFiles/DSPi.dir/__/pico-extras/src/rp2_common/pico_audio_spdif_multi/audio_spdif.c.obj
 .text.update_pio_frequency
                0x2000e674       0x94 DSPi/CMakeFiles/DSPi.dir/__/pico-extras/src/rp2_common/pico_audio_spdif_multi/audio_spdif.c.obj
 .text.wrap_consumer_take
                0x2000e708       0x24 DSPi/CMakeFiles/DSPi.dir/__/pico-extras/src/rp2_common/pico_audio_spdif_multi/audio_spdif.c.obj
 .text.init_spdif_buffer
                0x2000e72c       0xec DSPi/CMakeFiles/DSPi.dir/__/pico-extras/src/rp2_common/pico_audio_spdif_multi/audio_spdif.c.obj
 .text.spdif_program_init
                0x2000e818       0x6c DSPi/CMakeFiles/DSPi.dir/__/pico-extras/src/rp2_common/pico_audio_spdif_multi/audio_spdif.c.obj
                0x2000e818                spdif_program_init
 .text.audio_spdif_setup
                0x2000e884      0x22c DSPi/CMakeFiles/DSPi.dir/__/pico-extras/src/rp2_common/pico_audio_spdif_multi/audio_spdif.c.obj
                0x2000e884                audio_spdif_setup
 .text.audio_spdif_connect_extra
                0x2000eab0       0xec DSPi/CMakeFiles/DSPi.dir/__/pico-extras/src/rp2_common/pico_audio_spdif_multi/audio_spdif.c.obj
                0x2000eab0                audio_spdif_connect_extra
 .text.audio_spdif_change_pin
                0x2000eb9c       0xf8 DSPi/CMakeFiles/DSPi.dir/__/pico-extras/src/rp2_common/pico_audio_spdif_multi/audio_spdif.c.obj
                0x2000eb9c                audio_spdif_change_pin
 .text.audio_spdif_set_enabled
                0x2000ec94       0x70 DSPi/CMakeFiles/DSPi.dir/__/pico-extras/src/rp2_common/pico_audio_spdif_multi/audio_spdif.c.obj
                0x2000ec94                audio_spdif_set_enabled
 .text.audio_spdif_enable_sync
                0x2000ed04      0x114 DSPi/CMakeFiles/DSPi.dir/__/pico-extras/src/rp2_common/pico_audio_spdif_multi/audio_spdif.c.obj
                0x2000ed04                audio_spdif_enable_sync
 .text.audio_spdif_set_starvation_monitoring
                0x2000ee18        0xc DSPi/CMakeFiles/DSPi.dir/__/pico-extras/src/rp2_common/pico_audio_spdif_multi/audio_spdif.c.obj
                0x2000ee18                audio_spdif_set_starvation_monitoring
 .text.audio_spdif_reset_dma_starvations
                0x2000ee24       0x1c DSPi/CMakeFiles/DSPi.dir/__/pico-extras/src/rp2_common/pico_audio_spdif_multi/audio_spdif.c.obj
                0x2000ee24                audio_spdif_reset_dma_starvations
 .text.audio_spdif_get_dma_starvations
                0x2000ee40        0xc DSPi/CMakeFiles/DSPi.dir/__/pico-extras/src/rp2_common/pico_audio_spdif_multi/audio_spdif.c.obj
                0x2000ee40                audio_spdif_get_dma_starvations
 .text.audio_spdif_get_dma_starvations_instance
                0x2000ee4c       0x14 DSPi/CMakeFiles/DSPi.dir/__/pico-extras/src/rp2_common/pico_audio_spdif_multi/audio_spdif.c.obj
                0x2000ee4c                audio_spdif_get_dma_starvations_instance
 .text._Z27producer_pool_blocking_giveI15MultiChannelFmtI8FmtSPDIFLj2EES0_I6FmtS16Lj2EEEvP16audio_connectionP12audio_buffer
                0x2000ee60      0x164 DSPi/CMakeFiles/DSPi.dir/__/pico-extras/src/rp2_common/pico_audio_spdif_multi/sample_encoding.cpp.obj
                0x2000ee60                void producer_pool_blocking_give<MultiChannelFmt<FmtSPDIF, 2u>, MultiChannelFmt<FmtS16, 2u> >(audio_connection*, audio_buffer*)
 .text.stereo_to_spdif_producer_give
                0x2000efc4        0x8 DSPi/CMakeFiles/DSPi.dir/__/pico-extras/src/rp2_common/pico_audio_spdif_multi/sample_encoding.cpp.obj
                0x2000efc4                stereo_to_spdif_producer_give
 .text._Z27producer_pool_blocking_giveI15MultiChannelFmtI8FmtSPDIFLj2EES0_I6FmtS32Lj2EEEvP16audio_connectionP12audio_buffer
                0x2000efcc      0x170 DSPi/CMakeFiles/DSPi.dir/__/pico-extras/src/rp2_common/pico_audio_spdif_multi/sample_encoding.cpp.obj
                0x2000efcc                void producer_pool_blocking_give<MultiChannelFmt<FmtSPDIF, 2u>, MultiChannelFmt<FmtS32, 2u> >(audio_connection*, audio_buffer*)
 .text.stereo_to_spdif_producer_give_s32
                0x2000f13c        0x8 DSPi/CMakeFiles/DSPi.dir/__/pico-extras/src/rp2_common/pico_audio_spdif_multi/sample_encoding.cpp.obj
                0x2000f13c                stereo_to_spdif_producer_give_s32
 .text.dma_channel_claim
                0x2000f144       0x18 DSPi/CMakeFiles/DSPi.dir/C_/Program_Files/Raspberry_Pi/Pico_SDK_v1.5.1/pico-sdk/src/rp2_common/hardware_dma/dma.c.obj
                0x2000f144                dma_channel_claim
 .text.dma_channel_unclaim
                0x2000f15c       0x10 DSPi/CMakeFiles/DSPi.dir/C_/Program_Files/Raspberry_Pi/Pico_SDK_v1.5.1/pico-sdk/src/rp2_common/hardware_dma/dma.c.obj
                0x2000f15c                dma_channel_unclaim
 .text.dma_claim_unused_channel
                0x2000f16c       0x20 DSPi/CMakeFiles/DSPi.dir/C_/Program_Files/Raspberry_Pi/Pico_SDK_v1.5.1/pico-sdk/src/rp2_common/hardware_dma/dma.c.obj
                0x2000f16c                dma_claim_unused_channel
 .text._pio_add_program_at_offset
                0x2000f18c       0xa0 DSPi/CMakeFiles/DSPi.dir/C_/Program_Files/Raspberry_Pi/Pico_SDK_v1.5.1/pico-sdk/src/rp2_common/hardware_pio/pio.c.obj
 .text._pio_find_offset_for_program.isra.0
                0x2000f22c       0x54 DSPi/CMakeFiles/DSPi.dir/C_/Program_Files/Raspberry_Pi/Pico_SDK_v1.5.1/pico-sdk/src/rp2_common/hardware_pio/pio.c.obj
 .text.pio_sm_claim
                0x2000f280       0x30 DSPi/CMakeFiles/DSPi.dir/C_/Program_Files/Raspberry_Pi/Pico_SDK_v1.5.1/pico-sdk/src/rp2_common/hardware_pio/pio.c.obj
                0x2000f280                pio_sm_claim
 .text.pio_sm_unclaim
                0x2000f2b0       0x20 DSPi/CMakeFiles/DSPi.dir/C_/Program_Files/Raspberry_Pi/Pico_SDK_v1.5.1/pico-sdk/src/rp2_common/hardware_pio/pio.c.obj
                0x2000f2b0                pio_sm_unclaim
 .text.pio_add_program
                0x2000f2d0       0x3c DSPi/CMakeFiles/DSPi.dir/C_/Program_Files/Raspberry_Pi/Pico_SDK_v1.5.1/pico-sdk/src/rp2_common/hardware_pio/pio.c.obj
                0x2000f2d0                pio_add_program
 .text.pio_sm_set_pins
                0x2000f30c       0x90 DSPi/CMakeFiles/DSPi.dir/C_/Program_Files/Raspberry_Pi/Pico_SDK_v1.5.1/pico-sdk/src/rp2_common/hardware_pio/pio.c.obj
                0x2000f30c                pio_sm_set_pins
 .text.pio_sm_set_pins_with_mask
                0x2000f39c       0xa4 DSPi/CMakeFiles/DSPi.dir/C_/Program_Files/Raspberry_Pi/Pico_SDK_v1.5.1/pico-sdk/src/rp2_common/hardware_pio/pio.c.obj
                0x2000f39c                pio_sm_set_pins_with_mask
 .text.pio_sm_set_pindirs_with_mask
                0x2000f440       0xa4 DSPi/CMakeFiles/DSPi.dir/C_/Program_Files/Raspberry_Pi/Pico_SDK_v1.5.1/pico-sdk/src/rp2_common/hardware_pio/pio.c.obj
                0x2000f440                pio_sm_set_pindirs_with_mask
 .text.pio_sm_set_consecutive_pindirs
                0x2000f4e4       0xb0 DSPi/CMakeFiles/DSPi.dir/C_/Program_Files/Raspberry_Pi/Pico_SDK_v1.5.1/pico-sdk/src/rp2_common/hardware_pio/pio.c.obj
                0x2000f4e4                pio_sm_set_consecutive_pindirs
 .text.pio_sm_init
                0x2000f594       0x8c DSPi/CMakeFiles/DSPi.dir/C_/Program_Files/Raspberry_Pi/Pico_SDK_v1.5.1/pico-sdk/src/rp2_common/hardware_pio/pio.c.obj
                0x2000f594                pio_sm_init
 .text.producer_pool_give_buffer_default
                0x2000f620       0x3c DSPi/CMakeFiles/DSPi.dir/__/pico-extras/src/common/pico_audio/audio.cpp.obj
                0x2000f620                producer_pool_give_buffer_default
 .text.consumer_pool_give_buffer_default
                0x2000f65c       0x2c DSPi/CMakeFiles/DSPi.dir/__/pico-extras/src/common/pico_audio/audio.cpp.obj
                0x2000f65c                consumer_pool_give_buffer_default
 .text.get_free_audio_buffer
                0x2000f688       0x40 DSPi/CMakeFiles/DSPi.dir/__/pico-extras/src/common/pico_audio/audio.cpp.obj
                0x2000f688                get_free_audio_buffer
 .text.producer_pool_take_buffer_default
                0x2000f6c8        0xc DSPi/CMakeFiles/DSPi.dir/__/pico-extras/src/common/pico_audio/audio.cpp.obj
                0x2000f6c8                producer_pool_take_buffer_default
 .text.queue_free_audio_buffer
                0x2000f6d4       0x2c DSPi/CMakeFiles/DSPi.dir/__/pico-extras/src/common/pico_audio/audio.cpp.obj
                0x2000f6d4                queue_free_audio_buffer
 .text.get_full_audio_buffer
                0x2000f700       0x48 DSPi/CMakeFiles/DSPi.dir/__/pico-extras/src/common/pico_audio/audio.cpp.obj
                0x2000f700                get_full_audio_buffer
 .text.consumer_pool_take_buffer_default
                0x2000f748        0xc DSPi/CMakeFiles/DSPi.dir/__/pico-extras/src/common/pico_audio/audio.cpp.obj
                0x2000f748                consumer_pool_take_buffer_default
 .text.queue_full_audio_buffer
                0x2000f754       0x38 DSPi/CMakeFiles/DSPi.dir/__/pico-extras/src/common/pico_audio/audio.cpp.obj
                0x2000f754                queue_full_audio_buffer
 .text._Z21audio_new_buffer_poolP19audio_buffer_formatii
                0x2000f78c      0x154 DSPi/CMakeFiles/DSPi.dir/__/pico-extras/src/common/pico_audio/audio.cpp.obj
                0x2000f78c                audio_new_buffer_pool(audio_buffer_format*, int, int)
 .text.audio_new_producer_pool
                0x2000f8e0       0x10 DSPi/CMakeFiles/DSPi.dir/__/pico-extras/src/common/pico_audio/audio.cpp.obj
                0x2000f8e0                audio_new_producer_pool
 .text.audio_new_consumer_pool
                0x2000f8f0       0x10 DSPi/CMakeFiles/DSPi.dir/__/pico-extras/src/common/pico_audio/audio.cpp.obj
                0x2000f8f0                audio_new_consumer_pool
 .text.audio_free_buffer_pool
                0x2000f900       0x64 DSPi/CMakeFiles/DSPi.dir/__/pico-extras/src/common/pico_audio/audio.cpp.obj
                0x2000f900                audio_free_buffer_pool
 .text.audio_complete_connection
                0x2000f964        0xc DSPi/CMakeFiles/DSPi.dir/__/pico-extras/src/common/pico_audio/audio.cpp.obj
                0x2000f964                audio_complete_connection
 .text.give_audio_buffer
                0x2000f970       0x1c DSPi/CMakeFiles/DSPi.dir/__/pico-extras/src/common/pico_audio/audio.cpp.obj
                0x2000f970                give_audio_buffer
 .text.take_audio_buffer
                0x2000f98c       0x18 DSPi/CMakeFiles/DSPi.dir/__/pico-extras/src/common/pico_audio/audio.cpp.obj
                0x2000f98c                take_audio_buffer
 .text.i2s_wrap_producer_give
                0x2000f9a4       0xb4 DSPi/CMakeFiles/DSPi.dir/__/pico-extras/src/rp2_common/pico_audio_i2s_multi/audio_i2s_multi.c.obj
 .text.audio_i2s_set_enabled.part.0
                0x2000fa58       0x64 DSPi/CMakeFiles/DSPi.dir/__/pico-extras/src/rp2_common/pico_audio_i2s_multi/audio_i2s_multi.c.obj
 .text.i2s_update_pio_frequency
                0x2000fabc       0xc8 DSPi/CMakeFiles/DSPi.dir/__/pico-extras/src/rp2_common/pico_audio_i2s_multi/audio_i2s_multi.c.obj
 .text.i2s_wrap_consumer_take
                0x2000fb84       0x24 DSPi/CMakeFiles/DSPi.dir/__/pico-extras/src/rp2_common/pico_audio_i2s_multi/audio_i2s_multi.c.obj
 .text.audio_i2s_setup
                0x2000fba8      0x368 DSPi/CMakeFiles/DSPi.dir/__/pico-extras/src/rp2_common/pico_audio_i2s_multi/audio_i2s_multi.c.obj
                0x2000fba8                audio_i2s_setup
 .text.audio_i2s_connect_extra
                0x2000ff10       0xc4 DSPi/CMakeFiles/DSPi.dir/__/pico-extras/src/rp2_common/pico_audio_i2s_multi/audio_i2s_multi.c.obj
                0x2000ff10                audio_i2s_connect_extra
 .text.audio_i2s_set_enabled
                0x2000ffd4       0x10 DSPi/CMakeFiles/DSPi.dir/__/pico-extras/src/rp2_common/pico_audio_i2s_multi/audio_i2s_multi.c.obj
                0x2000ffd4                audio_i2s_set_enabled
 .text.audio_i2s_change_data_pin
                0x2000ffe4      0x25c DSPi/CMakeFiles/DSPi.dir/__/pico-extras/src/rp2_common/pico_audio_i2s_multi/audio_i2s_multi.c.obj
                0x2000ffe4                audio_i2s_change_data_pin
 .text.audio_i2s_enable_sync
                0x20010240      0x19c DSPi/CMakeFiles/DSPi.dir/__/pico-extras/src/rp2_common/pico_audio_i2s_multi/audio_i2s_multi.c.obj
                0x20010240                audio_i2s_enable_sync
 .text.audio_i2s_teardown
                0x200103dc      0x254 DSPi/CMakeFiles/DSPi.dir/__/pico-extras/src/rp2_common/pico_audio_i2s_multi/audio_i2s_multi.c.obj
                0x200103dc                audio_i2s_teardown
 .text.audio_i2s_update_all_frequencies
                0x20010630      0x190 DSPi/CMakeFiles/DSPi.dir/__/pico-extras/src/rp2_common/pico_audio_i2s_multi/audio_i2s_multi.c.obj
                0x20010630                audio_i2s_update_all_frequencies
 .text.audio_i2s_mck_setup
                0x200107c0       0xc8 DSPi/CMakeFiles/DSPi.dir/__/pico-extras/src/rp2_common/pico_audio_i2s_multi/audio_i2s_multi.c.obj
                0x200107c0                audio_i2s_mck_setup
 .text.audio_i2s_mck_set_enabled
                0x20010888       0x4c DSPi/CMakeFiles/DSPi.dir/__/pico-extras/src/rp2_common/pico_audio_i2s_multi/audio_i2s_multi.c.obj
                0x20010888                audio_i2s_mck_set_enabled
 .text.audio_i2s_mck_update_frequency
                0x200108d4       0xbc DSPi/CMakeFiles/DSPi.dir/__/pico-extras/src/rp2_common/pico_audio_i2s_multi/audio_i2s_multi.c.obj
                0x200108d4                audio_i2s_mck_update_frequency
 .text.audio_i2s_mck_change_pin
                0x20010990       0xbc DSPi/CMakeFiles/DSPi.dir/__/pico-extras/src/rp2_common/pico_audio_i2s_multi/audio_i2s_multi.c.obj
                0x20010990                audio_i2s_mck_change_pin
 .text._usb_endpoint_hw_init
                0x20010a4c       0xa4 DSPi/CMakeFiles/DSPi.dir/__/pico-extras/src/rp2_common/usb_device/usb_device.c.obj
 .text._tf_set_address
                0x20010af0       0x14 DSPi/CMakeFiles/DSPi.dir/__/pico-extras/src/rp2_common/usb_device/usb_device.c.obj
 .text._usb_endpoint_init_internal.isra.0
                0x20010b04       0x44 DSPi/CMakeFiles/DSPi.dir/__/pico-extras/src/rp2_common/usb_device/usb_device.c.obj
 .text._usb_stall_endpoint.part.0
                0x20010b48       0x58 DSPi/CMakeFiles/DSPi.dir/__/pico-extras/src/rp2_common/usb_device/usb_device.c.obj
 .text._usb_reset_buffers
                0x20010ba0      0x110 DSPi/CMakeFiles/DSPi.dir/__/pico-extras/src/rp2_common/usb_device/usb_device.c.obj
 .text.usb_current_packet_buffer.part.0
                0x20010cb0       0x7c DSPi/CMakeFiles/DSPi.dir/__/pico-extras/src/rp2_common/usb_device/usb_device.c.obj
 .text._usb_give_buffer
                0x20010d2c       0xb4 DSPi/CMakeFiles/DSPi.dir/__/pico-extras/src/rp2_common/usb_device/usb_device.c.obj
                0x20010d2c                _usb_give_buffer
 .text._usb_give_as_many_buffers_as_possible
                0x20010de0       0xa4 DSPi/CMakeFiles/DSPi.dir/__/pico-extras/src/rp2_common/usb_device/usb_device.c.obj
                0x20010de0                _usb_give_as_many_buffers_as_possible
 .text._usb_check_for_transfer_completion
                0x20010e84       0x94 DSPi/CMakeFiles/DSPi.dir/__/pico-extras/src/rp2_common/usb_device/usb_device.c.obj
 .text._usb_handle_transfer
                0x20010f18       0xbc DSPi/CMakeFiles/DSPi.dir/__/pico-extras/src/rp2_common/usb_device/usb_device.c.obj
 .text._usb_transfer_current_packet_only
                0x20010fd4       0x68 DSPi/CMakeFiles/DSPi.dir/__/pico-extras/src/rp2_common/usb_device/usb_device.c.obj
                0x20010fd4                _usb_transfer_current_packet_only
 .text.usb_packet_done
                0x2001103c       0x68 DSPi/CMakeFiles/DSPi.dir/__/pico-extras/src/rp2_common/usb_device/usb_device.c.obj
                0x2001103c                usb_packet_done
 .text.usb_set_default_transfer
                0x200110a4        0x4 DSPi/CMakeFiles/DSPi.dir/__/pico-extras/src/rp2_common/usb_device/usb_device.c.obj
                0x200110a4                usb_set_default_transfer
 .text.usb_start_transfer
                0x200110a8       0x20 DSPi/CMakeFiles/DSPi.dir/__/pico-extras/src/rp2_common/usb_device/usb_device.c.obj
                0x200110a8                usb_start_transfer
 .text.usb_reset_transfer
                0x200110c8       0x20 DSPi/CMakeFiles/DSPi.dir/__/pico-extras/src/rp2_common/usb_device/usb_device.c.obj
                0x200110c8                usb_reset_transfer
 .text._usb_reset_endpoint
                0x200110e8       0x84 DSPi/CMakeFiles/DSPi.dir/__/pico-extras/src/rp2_common/usb_device/usb_device.c.obj
 .text._usb_handle_set_config
                0x2001116c       0x3c DSPi/CMakeFiles/DSPi.dir/__/pico-extras/src/rp2_common/usb_device/usb_device.c.obj
 .text.usb_stall_control_pipe
                0x200111a8       0x3c DSPi/CMakeFiles/DSPi.dir/__/pico-extras/src/rp2_common/usb_device/usb_device.c.obj
                0x200111a8                usb_stall_control_pipe
 .text.usb_interface_init
                0x200111e4       0xa4 DSPi/CMakeFiles/DSPi.dir/__/pico-extras/src/rp2_common/usb_device/usb_device.c.obj
                0x200111e4                usb_interface_init
 .text.usb_device_init
                0x20011288       0xf8 DSPi/CMakeFiles/DSPi.dir/__/pico-extras/src/rp2_common/usb_device/usb_device.c.obj
                0x20011288                usb_device_init
 .text.usb_grow_transfer
                0x20011380       0x10 DSPi/CMakeFiles/DSPi.dir/__/pico-extras/src/rp2_common/usb_device/usb_device.c.obj
                0x20011380                usb_grow_transfer
 .text.usb_device_start
                0x20011390       0xe4 DSPi/CMakeFiles/DSPi.dir/__/pico-extras/src/rp2_common/usb_device/usb_device.c.obj
                0x20011390                usb_device_start
 .text.usb_start_tiny_control_in_transfer
                0x20011474       0x58 DSPi/CMakeFiles/DSPi.dir/__/pico-extras/src/rp2_common/usb_device/usb_device.c.obj
                0x20011474                usb_start_tiny_control_in_transfer
 .text.usb_start_single_buffer_control_in_transfer
                0x200114cc       0x40 DSPi/CMakeFiles/DSPi.dir/__/pico-extras/src/rp2_common/usb_device/usb_device.c.obj
                0x200114cc                usb_start_single_buffer_control_in_transfer
 .text.usb_start_control_out_transfer
                0x2001150c       0x3c DSPi/CMakeFiles/DSPi.dir/__/pico-extras/src/rp2_common/usb_device/usb_device.c.obj
                0x2001150c                usb_start_control_out_transfer
 .text.usb_start_empty_transfer
                0x20011548       0x50 DSPi/CMakeFiles/DSPi.dir/__/pico-extras/src/rp2_common/usb_device/usb_device.c.obj
                0x20011548                usb_start_empty_transfer
 .text._tf_send_control_in_ack
                0x20011598       0x18 DSPi/CMakeFiles/DSPi.dir/__/pico-extras/src/rp2_common/usb_device/usb_device.c.obj
 .text._tf_send_control_out_ack
                0x200115b0       0x18 DSPi/CMakeFiles/DSPi.dir/__/pico-extras/src/rp2_common/usb_device/usb_device.c.obj
 .text.isr_irq5
                0x200115c8      0x6a0 DSPi/CMakeFiles/DSPi.dir/__/pico-extras/src/rp2_common/usb_device/usb_device.c.obj
                0x200115c8                isr_irq5
 .text.usb_start_empty_control_in_transfer_null_completion
                0x20011c68       0x18 DSPi/CMakeFiles/DSPi.dir/__/pico-extras/src/rp2_common/usb_device/usb_device.c.obj
                0x20011c68                usb_start_empty_control_in_transfer_null_completion
 .text.usb_current_in_packet_buffer
                0x20011c80       0x88 DSPi/CMakeFiles/DSPi.dir/__/pico-extras/src/rp2_common/usb_device/usb_device.c.obj
                0x20011c80                usb_current_in_packet_buffer
 .text.usb_current_out_packet_buffer
                0x20011d08       0x88 DSPi/CMakeFiles/DSPi.dir/__/pico-extras/src/rp2_common/usb_device/usb_device.c.obj
                0x20011d08                usb_current_out_packet_buffer
 .text.usb_stream_packet_handler_complete
                0x20011d90       0x64 DSPi/CMakeFiles/DSPi.dir/__/pico-extras/src/rp2_common/usb_device/usb_stream_helper.c.obj
                0x20011d90                usb_stream_packet_handler_complete
 .text._usb_stream_packet_packet_handler
                0x20011df4       0xe4 DSPi/CMakeFiles/DSPi.dir/__/pico-extras/src/rp2_common/usb_device/usb_stream_helper.c.obj
                0x20011df4                _usb_stream_packet_packet_handler
 .text.usb_stream_setup_transfer
                0x20011ed8       0x2c DSPi/CMakeFiles/DSPi.dir/__/pico-extras/src/rp2_common/usb_device/usb_stream_helper.c.obj
                0x20011ed8                usb_stream_setup_transfer
 .text.usb_stream_noop_on_packet_complete
                0x20011f04        0x4 DSPi/CMakeFiles/DSPi.dir/__/pico-extras/src/rp2_common/usb_device/usb_stream_helper.c.obj
                0x20011f04                usb_stream_noop_on_packet_complete
 .text.usb_stream_noop_on_chunk
                0x20011f08        0x4 DSPi/CMakeFiles/DSPi.dir/__/pico-extras/src/rp2_common/usb_device/usb_stream_helper.c.obj
                0x20011f08                usb_stream_noop_on_chunk
 .text.hw_enumeration_fix_force_ls_j
                0x20011f0c      0x104 DSPi/CMakeFiles/DSPi.dir/C_/Program_Files/Raspberry_Pi/Pico_SDK_v1.5.1/pico-sdk/src/rp2_common/pico_fix/rp2040_usb_device_enumeration/rp2040_usb_device_enumeration.c.obj
 .text.hw_enumeration_fix_wait_se0_callback
                0x20012010       0x24 DSPi/CMakeFiles/DSPi.dir/C_/Program_Files/Raspberry_Pi/Pico_SDK_v1.5.1/pico-sdk/src/rp2_common/pico_fix/rp2040_usb_device_enumeration/rp2040_usb_device_enumeration.c.obj
                0x20012010                hw_enumeration_fix_wait_se0_callback
 .text.hw_enumeration_fix_force_ls_j_done
                0x20012034       0x44 DSPi/CMakeFiles/DSPi.dir/C_/Program_Files/Raspberry_Pi/Pico_SDK_v1.5.1/pico-sdk/src/rp2_common/pico_fix/rp2040_usb_device_enumeration/rp2040_usb_device_enumeration.c.obj
                0x20012034                hw_enumeration_fix_force_ls_j_done
 .text.rp2040_usb_device_enumeration_fix
                0x20012078       0x64 DSPi/CMakeFiles/DSPi.dir/C_/Program_Files/Raspberry_Pi/Pico_SDK_v1.5.1/pico-sdk/src/rp2_common/pico_fix/rp2040_usb_device_enumeration/rp2040_usb_device_enumeration.c.obj
                0x20012078                rp2040_usb_device_enumeration_fix
 .text          0x200120dc        0x4 c:/progra~1/raspbe~1/picosd~1.1/gcc-ar~1/bin/../lib/gcc/arm-none-eabi/10.3.1/thumb/v6-m/nofp\libgcc.a(_dvmd_tls.o)
                0x200120dc                __aeabi_idiv0
                0x200120dc                __aeabi_ldiv0
 .text.calloc   0x200120e0       0x18 c:/progra~1/raspbe~1/picosd~1.1/gcc-ar~1/bin/../lib/gcc/arm-none-eabi/10.3.1/../../../../arm-none-eabi/lib/thumb/v6-m/nofp\libc.a(lib_a-calloc.o)
                0x200120e0                calloc
 .text._calloc_r
                0x200120f8       0x9c c:/progra~1/raspbe~1/picosd~1.1/gcc-ar~1/bin/../lib/gcc/arm-none-eabi/10.3.1/../../../../arm-none-eabi/lib/thumb/v6-m/nofp\libc.a(lib_a-callocr.o)
                0x200120f8                _calloc_r
 .text.__errno  0x20012194        0xc c:/progra~1/raspbe~1/picosd~1.1/gcc-ar~1/bin/../lib/gcc/arm-none-eabi/10.3.1/../../../../arm-none-eabi/lib/thumb/v6-m/nofp\libc.a(lib_a-errno.o)
                0x20012194                __errno
 .text.malloc   0x200121a0       0x14 c:/progra~1/raspbe~1/picosd~1.1/gcc-ar~1/bin/../lib/gcc/arm-none-eabi/10.3.1/../../../../arm-none-eabi/lib/thumb/v6-m/nofp\libc.a(lib_a-malloc.o)
                0x200121a0                malloc
 .text.free     0x200121b4       0x14 c:/progra~1/raspbe~1/picosd~1.1/gcc-ar~1/bin/../lib/gcc/arm-none-eabi/10.3.1/../../../../arm-none-eabi/lib/thumb/v6-m/nofp\libc.a(lib_a-malloc.o)
                0x200121b4                free
 .text._malloc_r
                0x200121c8      0x584 c:/progra~1/raspbe~1/picosd~1.1/gcc-ar~1/bin/../lib/gcc/arm-none-eabi/10.3.1/../../../../arm-none-eabi/lib/thumb/v6-m/nofp\libc.a(lib_a-mallocr.o)
                0x200121c8                _malloc_r
 .text.memmove  0x2001274c       0xac c:/progra~1/raspbe~1/picosd~1.1/gcc-ar~1/bin/../lib/gcc/arm-none-eabi/10.3.1/../../../../arm-none-eabi/lib/thumb/v6-m/nofp\libc.a(lib_a-memmove.o)
                0x2001274c                memmove
 .text.__malloc_lock
                0x200127f8       0x10 c:/progra~1/raspbe~1/picosd~1.1/gcc-ar~1/bin/../lib/gcc/arm-none-eabi/10.3.1/../../../../arm-none-eabi/lib/thumb/v6-m/nofp\libc.a(lib_a-mlock.o)
                0x200127f8                __malloc_lock
 .text.__malloc_unlock
                0x20012808       0x10 c:/progra~1/raspbe~1/picosd~1.1/gcc-ar~1/bin/../lib/gcc/arm-none-eabi/10.3.1/../../../../arm-none-eabi/lib/thumb/v6-m/nofp\libc.a(lib_a-mlock.o)
                0x20012808                __malloc_unlock
 .text._sbrk_r  0x20012818       0x24 c:/progra~1/raspbe~1/picosd~1.1/gcc-ar~1/bin/../lib/gcc/arm-none-eabi/10.3.1/../../../../arm-none-eabi/lib/thumb/v6-m/nofp\libc.a(lib_a-sbrkr.o)
                0x20012818                _sbrk_r
 .text.strlen   0x2001283c       0x5c c:/progra~1/raspbe~1/picosd~1.1/gcc-ar~1/bin/../lib/gcc/arm-none-eabi/10.3.1/../../../../arm-none-eabi/lib/thumb/v6-m/nofp\libc.a(lib_a-strlen-stub.o)
                0x2001283c                strlen
 .text.strncpy  0x20012898       0x6c c:/progra~1/raspbe~1/picosd~1.1/gcc-ar~1/bin/../lib/gcc/arm-none-eabi/10.3.1/../../../../arm-none-eabi/lib/thumb/v6-m/nofp\libc.a(lib_a-strncpy.o)
                0x20012898                strncpy
 .text._malloc_trim_r
                0x20012904       0x9c c:/progra~1/raspbe~1/picosd~1.1/gcc-ar~1/bin/../lib/gcc/arm-none-eabi/10.3.1/../../../../arm-none-eabi/lib/thumb/v6-m/nofp\libc.a(lib_a-freer.o)
                0x20012904                _malloc_trim_r
 .text._free_r  0x200129a0      0x1c4 c:/progra~1/raspbe~1/picosd~1.1/gcc-ar~1/bin/../lib/gcc/arm-none-eabi/10.3.1/../../../../arm-none-eabi/lib/thumb/v6-m/nofp\libc.a(lib_a-freer.o)
                0x200129a0                _free_r
 .text.__retarget_lock_acquire_recursive
                0x20012b64        0x4 c:/progra~1/raspbe~1/picosd~1.1/gcc-ar~1/bin/../lib/gcc/arm-none-eabi/10.3.1/../../../../arm-none-eabi/lib/thumb/v6-m/nofp\libc.a(lib_a-lock.o)
                0x20012b64                __retarget_lock_acquire_recursive
 .text.__retarget_lock_release_recursive
                0x20012b68        0x4 c:/progra~1/raspbe~1/picosd~1.1/gcc-ar~1/bin/../lib/gcc/arm-none-eabi/10.3.1/../../../../arm-none-eabi/lib/thumb/v6-m/nofp\libc.a(lib_a-lock.o)
                0x20012b68                __retarget_lock_release_recursive
 *(.fini)
 .fini          0x20012b6c        0x4 c:/progra~1/raspbe~1/picosd~1.1/gcc-ar~1/bin/../lib/gcc/arm-none-eabi/10.3.1/thumb/v6-m/nofp/crti.o
                0x20012b6c                _fini
 *crtbegin.o(.ctors)
 *crtbegin?.o(.ctors)
 *(EXCLUDE_FILE(*crtend.o *crtend?.o) .ctors)
 *(SORT_BY_NAME(.ctors.*))
 *(.ctors)
 *crtbegin.o(.dtors)
 *crtbegin?.o(.dtors)
 *(EXCLUDE_FILE(*crtend.o *crtend?.o) .dtors)
 *(SORT_BY_NAME(.dtors.*))
 *(.dtors)
 *(.eh_frame*)
 .eh_frame      0x20012b70        0x0 c:/progra~1/raspbe~1/picosd~1.1/gcc-ar~1/bin/../lib/gcc/arm-none-eabi/10.3.1/thumb/v6-m/nofp/crtbegin.o
                0x20012b70                . = ALIGN (0x4)
                0x20012b70                __ram_text_end__ = .
                0x100002f4                __ram_text_source__ = LOADADDR (.text)

.glue_7         0x20012b70        0x0 load address 0x10012da4
 .glue_7        0x20012b70        0x0 linker stubs

.glue_7t        0x20012b70        0x0 load address 0x10012da4
 .glue_7t       0x20012b70        0x0 linker stubs

.vfp11_veneer   0x20012b70        0x0 load address 0x10012da4
 .vfp11_veneer  0x20012b70        0x0 linker stubs

.v4_bx          0x20012b70        0x0 load address 0x10012da4
 .v4_bx         0x20012b70        0x0 linker stubs

.iplt           0x20012b70        0x0 load address 0x10012da4
 .iplt          0x20012b70        0x0 c:/progra~1/raspbe~1/picosd~1.1/gcc-ar~1/bin/../lib/gcc/arm-none-eabi/10.3.1/thumb/v6-m/nofp/crtbegin.o

.rel.dyn        0x20012b70        0x0 load address 0x10012da4
 .rel.iplt      0x20012b70        0x0 c:/progra~1/raspbe~1/picosd~1.1/gcc-ar~1/bin/../lib/gcc/arm-none-eabi/10.3.1/thumb/v6-m/nofp/crtbegin.o
                0x20012b70                . = ALIGN (0x4)

.data           0x20012b70     0x35d8 load address 0x10012da4
                0x20012b70                __data_start__ = .
 *(vtable)
 *(.time_critical*)
 .time_critical
                0x20012b70       0xa4 DSPi/CMakeFiles/DSPi.dir/crossfeed.c.obj
                0x20012b70                crossfeed_process_stereo
 .time_critical
                0x20012c14       0x20 DSPi/CMakeFiles/DSPi.dir/dsp_pipeline.c.obj
                0x20012c14                fast_mul_q28
 .time_critical
                0x20012c34      0x380 DSPi/CMakeFiles/DSPi.dir/leveller.c.obj
                0x20012c34                leveller_process_block
 .time_critical.usb_sof_irq
                0x20012fb4       0x7c DSPi/CMakeFiles/DSPi.dir/main.c.obj
                0x20012fb4                usb_sof_irq
 .time_critical._as_sync_packet
                0x20013030       0x40 DSPi/CMakeFiles/DSPi.dir/usb_audio.c.obj
 .time_critical._as_audio_packet
                0x20013070       0xd8 DSPi/CMakeFiles/DSPi.dir/usb_audio.c.obj
 .time_critical.audio_ring
                0x20013148      0x928 DSPi/CMakeFiles/DSPi.dir/usb_audio.c.obj
 .time_critical.dsp_process_channel_block
                0x20013a70       0xf0 DSPi/CMakeFiles/DSPi.dir/dsp_process_rp2040.S.obj
                0x20013a70                dsp_process_channel_block
 .time_critical.mutex_enter_blocking
                0x20013b60       0x48 DSPi/CMakeFiles/DSPi.dir/C_/Program_Files/Raspberry_Pi/Pico_SDK_v1.5.1/pico-sdk/src/common/pico_sync/mutex.c.obj
                0x20013b60                mutex_enter_blocking
 .time_critical.mutex_enter_block_until
                0x20013ba8       0x74 DSPi/CMakeFiles/DSPi.dir/C_/Program_Files/Raspberry_Pi/Pico_SDK_v1.5.1/pico-sdk/src/common/pico_sync/mutex.c.obj
                0x20013ba8                mutex_enter_block_until
 .time_critical.mutex_try_enter_block_until
                0x20013c1c       0x60 DSPi/CMakeFiles/DSPi.dir/C_/Program_Files/Raspberry_Pi/Pico_SDK_v1.5.1/pico-sdk/src/common/pico_sync/mutex.c.obj
                0x20013c1c                mutex_try_enter_block_until
 .time_critical.mutex_exit
                0x20013c7c       0x28 DSPi/CMakeFiles/DSPi.dir/C_/Program_Files/Raspberry_Pi/Pico_SDK_v1.5.1/pico-sdk/src/common/pico_sync/mutex.c.obj
                0x20013c7c                mutex_exit
 .time_critical.multicore_lockout_handler
                0x20013ca4       0x5c DSPi/CMakeFiles/DSPi.dir/C_/Program_Files/Raspberry_Pi/Pico_SDK_v1.5.1/pico-sdk/src/rp2_common/pico_multicore/multicore.c.obj
 .time_critical.flash_init_boot2_copyout